 supercop

 Timestamp is 582146ec (Tue Nov 08 11:30:52 2016)

 Preferred load address is 0000000180000000

 Start         Length     Name                   Class
 0001:00000000 00000013H .text$di                CODE
 0001:00000020 00014793H .text$mn                CODE
 0001:000147c0 00000258H .text$x                 CODE
 0001:00014a20 00000000H .text$yd                CODE
 0002:00000000 00000240H .idata$5                DATA
 0002:00000240 00000008H .CRT$XCA                DATA
 0002:00000248 00000018H .CRT$XCU                DATA
 0002:00000260 00000008H .CRT$XCZ                DATA
 0002:00000268 00000008H .CRT$XIA                DATA
 0002:00000270 00000020H .CRT$XIC                DATA
 0002:00000290 00000008H .CRT$XIZ                DATA
 0002:00000298 00000008H .CRT$XPA                DATA
 0002:000002a0 00000010H .CRT$XPX                DATA
 0002:000002b0 00000008H .CRT$XPXA               DATA
 0002:000002b8 00000008H .CRT$XPZ                DATA
 0002:000002c0 00000008H .CRT$XTA                DATA
 0002:000002c8 00000008H .CRT$XTZ                DATA
 0002:000002d0 00007330H .rdata                  DATA
 0002:00007600 00000084H .rdata$debug            DATA
 0002:00007688 00000000H .rdata$r                DATA
 0002:00007688 00000008H .rtc$IAA                DATA
 0002:00007690 00000008H .rtc$IZZ                DATA
 0002:00007698 00000008H .rtc$TAA                DATA
 0002:000076a0 00000008H .rtc$TZZ                DATA
 0002:000076a8 00000c6cH .xdata                  DATA
 0002:00008318 00000000H .xdata$x                DATA
 0002:00008318 00000020H .didat$2                DATA
 0002:00008338 00000020H .didat$3                DATA
 0002:00008358 000000e0H .didat$4                DATA
 0002:00008438 0000077cH .didat$6                DATA
 0002:00008bb8 000000e0H .didat$7                DATA
 0002:00008ca0 00000054H .edata                  DATA
 0002:00008cf4 00000028H .idata$2                DATA
 0002:00008d1c 00000014H .idata$3                DATA
 0002:00008d30 00000240H .idata$4                DATA
 0002:00008f70 0000053aH .idata$6                DATA
 0003:00000000 00009448H .data                   DATA
 0003:00009448 00000000H .data$r                 DATA
 0003:00009448 000000e0H .didat$5                DATA
 0003:00009540 00002488H .bss                    DATA
 0004:00000000 00000b58H .pdata                  DATA
 0005:00000000 00000058H .rsrc$01                DATA
 0005:00000060 00000180H .rsrc$02                DATA

  Address         Publics by Value              Rva+Base               Lib:Object

 0000:00000000       ___safe_se_handler_count   0000000000000000     <absolute>
 0000:00000000       ___safe_se_handler_table   0000000000000000     <absolute>
 0000:00000000       __guard_fids_table         0000000000000000     <absolute>
 0000:00000000       __guard_flags              0000000000000000     <absolute>
 0000:00000000       __guard_fids_count         0000000000000000     <absolute>
 0000:00000000       __ImageBase                0000000180000000     <linker-defined>
 0001:000000d0       ?New@?$Factory@VFunctionTemplate@v8@@@imp@Nan@@SA?AV?$Local@VFunctionTemplate@v8@@@v8@@P6AXAEBV?$FunctionCallbackInfo@VValue@v8@@@3@@ZV?$Local@VValue@v8@@@5@V?$Local@VSignature@v8@@@5@@Z 00000001800010d0 f i supercop.obj
 0001:00000260       ?ThrowError@Nan@@YAXPEBD@Z 0000000180001260 f i supercop.obj
 0001:000002f0       ?Sign@@YAXAEBV?$FunctionCallbackInfo@VValue@v8@@@Nan@@@Z 00000001800012f0 f   supercop.obj
 0001:00000540       ?Verify@@YAXAEBV?$FunctionCallbackInfo@VValue@v8@@@Nan@@@Z 0000000180001540 f   supercop.obj
 0001:00000720       ?CreateSeed@@YAXAEBV?$FunctionCallbackInfo@VValue@v8@@@Nan@@@Z 0000000180001720 f   supercop.obj
 0001:000007f0       ?CreateKeyPair@@YAXAEBV?$FunctionCallbackInfo@VValue@v8@@@Nan@@@Z 00000001800017f0 f   supercop.obj
 0001:00000b50       ?InitAll@@YAXV?$Local@VObject@v8@@@v8@@@Z 0000000180001b50 f   supercop.obj
 0001:00000e60       fe_cmov                    0000000180001e60 f   fe.obj
 0001:00000f30       fe_frombytes               0000000180001f30 f   fe.obj
 0001:000011f0       fe_invert                  00000001800021f0 f   fe.obj
 0001:00001460       fe_mul                     0000000180002460 f   fe.obj
 0001:00001da0       fe_pow22523                0000000180002da0 f   fe.obj
 0001:00002010       fe_sq                      0000000180003010 f   fe.obj
 0001:00002560       fe_sq2                     0000000180003560 f   fe.obj
 0001:00002ae0       fe_tobytes                 0000000180003ae0 f   fe.obj
 0001:00002d50       ge_add                     0000000180003d50 f   ge.obj
 0001:00003290       ge_double_scalarmult_vartime 0000000180004290 f   ge.obj
 0001:000039a0       ge_frombytes_negate_vartime 00000001800049a0 f   ge.obj
 0001:00003db0       ge_madd                    0000000180004db0 f   ge.obj
 0001:000041c0       ge_msub                    00000001800051c0 f   ge.obj
 0001:00004580       ge_p2_dbl                  0000000180005580 f   ge.obj
 0001:000048f0       ge_p3_to_cached            00000001800058f0 f   ge.obj
 0001:00004a60       ge_p3_to_p2                0000000180005a60 f   ge.obj
 0001:00005020       ge_scalarmult_base         0000000180006020 f   ge.obj
 0001:00005460       ge_sub                     0000000180006460 f   ge.obj
 0001:00005820       sc_reduce                  0000000180006820 f   sc.obj
 0001:00006710       sc_muladd                  0000000180007710 f   sc.obj
 0001:000089e0       sha512_update              00000001800099e0 f   sha512.obj
 0001:00008af0       sha512_final               0000000180009af0 f   sha512.obj
 0001:00008c60       sha512                     0000000180009c60 f   sha512.obj
 0001:00008d40       ed25519_sign               0000000180009d40 f   sign.obj
 0001:00009300       ed25519_verify             000000018000a300 f   verify.obj
 0001:000096ec       __imp_load_?Length@Buffer@node@@YA_KV?$Local@VValue@v8@@@v8@@@Z 000000018000a6ec f   node:node.exe
 0001:000096f8       __tailMerge_node_exe       000000018000a6f8 f i node:node.exe
 0001:00009771       __imp_load_?Data@Buffer@node@@YAPEADV?$Local@VValue@v8@@@v8@@@Z 000000018000a771 f   node:node.exe
 0001:0000977d       __imp_load_?Copy@Buffer@node@@YA?AV?$MaybeLocal@VObject@v8@@@v8@@PEAVIsolate@4@PEBD_K@Z 000000018000a77d f   node:node.exe
 0001:00009789       __imp_load_node_module_register 000000018000a789 f   node:node.exe
 0001:00009795       __imp_load_?ToLocalEmpty@V8@v8@@CAXXZ 000000018000a795 f   node:node.exe
 0001:000097a1       __imp_load_?Escape@EscapableHandleScope@v8@@AEAAPEAPEAVObject@internal@2@PEAPEAV342@@Z 000000018000a7a1 f   node:node.exe
 0001:000097ad       __imp_load_??0EscapableHandleScope@v8@@QEAA@PEAVIsolate@1@@Z 000000018000a7ad f   node:node.exe
 0001:000097b9       __imp_load_?GetFunction@FunctionTemplate@v8@@QEAA?AV?$MaybeLocal@VFunction@v8@@@2@V?$Local@VContext@v8@@@2@@Z 000000018000a7b9 f   node:node.exe
 0001:000097c5       __imp_load_?New@FunctionTemplate@v8@@SA?AV?$Local@VFunctionTemplate@v8@@@2@PEAVIsolate@2@P6AXAEBV?$FunctionCallbackInfo@VValue@v8@@@2@@ZV?$Local@VValue@v8@@@2@V?$Local@VSignature@v8@@@2@H@Z 000000018000a7c5 f   node:node.exe
 0001:000097d1       __imp_load_?Error@Exception@v8@@SA?AV?$Local@VValue@v8@@@2@V?$Local@VString@v8@@@2@@Z 000000018000a7d1 f   node:node.exe
 0001:000097dd       __imp_load_?NewFromUtf8@String@v8@@SA?AV?$MaybeLocal@VString@v8@@@2@PEAVIsolate@2@PEBDW4NewStringType@2@H@Z 000000018000a7dd f   node:node.exe
 0001:000097e9       __imp_load_?CreateHandle@HandleScope@v8@@KAPEAPEAVObject@internal@2@PEAVIsolate@42@PEAV342@@Z 000000018000a7e9 f   node:node.exe
 0001:000097f5       __imp_load_?CreateHandle@HandleScope@v8@@CAPEAPEAVObject@internal@2@PEAVHeapObject@42@PEAV342@@Z 000000018000a7f5 f   node:node.exe
 0001:00009801       __imp_load_??1HandleScope@v8@@QEAA@XZ 000000018000a801 f   node:node.exe
 0001:0000980d       __imp_load_??0HandleScope@v8@@QEAA@PEAVIsolate@1@@Z 000000018000a80d f   node:node.exe
 0001:00009819       __imp_load_?SlowGetInternalField@Object@v8@@AEAA?AV?$Local@VValue@v8@@@2@H@Z 000000018000a819 f   node:node.exe
 0001:00009825       __imp_load_?New@Object@v8@@SA?AV?$Local@VObject@v8@@@2@PEAVIsolate@2@@Z 000000018000a825 f   node:node.exe
 0001:00009831       __imp_load_?SetInternalField@Object@v8@@QEAAXHV?$Local@VValue@v8@@@2@@Z 000000018000a831 f   node:node.exe
 0001:0000983d       __imp_load_?Set@Object@v8@@QEAA?AV?$Maybe@_N@2@V?$Local@VContext@v8@@@2@V?$Local@VValue@v8@@@2@1@Z 000000018000a83d f   node:node.exe
 0001:00009849       __imp_load_?SetInternalFieldCount@ObjectTemplate@v8@@QEAAXH@Z 000000018000a849 f   node:node.exe
 0001:00009855       __imp_load_?NewInstance@ObjectTemplate@v8@@QEAA?AV?$MaybeLocal@VObject@v8@@@2@V?$Local@VContext@v8@@@2@@Z 000000018000a855 f   node:node.exe
 0001:00009861       __imp_load_?New@ObjectTemplate@v8@@SA?AV?$Local@VObjectTemplate@v8@@@2@PEAVIsolate@2@V?$Local@VFunctionTemplate@v8@@@2@@Z 000000018000a861 f   node:node.exe
 0001:0000986d       __imp_load_?ThrowException@Isolate@v8@@QEAA?AV?$Local@VValue@v8@@@2@V32@@Z 000000018000a86d f   node:node.exe
 0001:00009879       __imp_load_?GetCurrentContext@Isolate@v8@@QEAA?AV?$Local@VContext@v8@@@2@XZ 000000018000a879 f   node:node.exe
 0001:00009885       __imp_load_?GetCurrent@Isolate@v8@@SAPEAV12@XZ 000000018000a885 f   node:node.exe
 0001:00009891       __imp_load_?Value@External@v8@@QEBAPEAXXZ 000000018000a891 f   node:node.exe
 0001:0000989d       __imp_load_?New@External@v8@@SA?AV?$Local@VExternal@v8@@@2@PEAVIsolate@2@PEAX@Z 000000018000a89d f   node:node.exe
 0001:000098c0       __security_check_cookie    000000018000a8c0 f   LIBCMT:amdsecgs.obj
 0001:000098f0       memcpy                     000000018000a8f0 f   LIBCMT:memcpy.obj
 0001:000098f0       memmove                    000000018000a8f0 f   LIBCMT:memcpy.obj
 0001:00009e58       __onexitinit               000000018000ae58 f   LIBCMT:onexit.obj
 0001:00009e9c       _onexit                    000000018000ae9c f   LIBCMT:onexit.obj
 0001:00009fa8       atexit                     000000018000afa8 f   LIBCMT:onexit.obj
 0001:00009fc0       ??0_LocaleUpdate@@QEAA@PEAUlocaleinfo_struct@@@Z 000000018000afc0 f i LIBCMT:stricmp.obj
 0001:0000a068       __ascii_stricmp            000000018000b068 f   LIBCMT:stricmp.obj
 0001:0000a0a4       _stricmp                   000000018000b0a4 f   LIBCMT:stricmp.obj
 0001:0000a0ec       _stricmp_l                 000000018000b0ec f   LIBCMT:stricmp.obj
 0001:0000a1a0       _CRT_INIT                  000000018000b1a0 f   LIBCMT:dllcrt0.obj
 0001:0000a300       _DllMainCRTStartup         000000018000b300 f   LIBCMT:dllcrt0.obj
 0001:0000a470       strlen                     000000018000b470 f   LIBCMT:strlen.obj
 0001:0000a518       _fpmath                    000000018000b518 f   LIBCMT:fpinit.obj
 0001:0000a520       _cfltcvt_init              000000018000b520 f   LIBCMT:fpinit.obj
 0001:0000a5a8       __raise_securityfailure    000000018000b5a8 f   LIBCMT:gs_report.obj
 0001:0000a5f4       __report_gsfailure         000000018000b5f4 f   LIBCMT:gs_report.obj
 0001:0000a6c8       __isa_available_init       000000018000b6c8 f   LIBCMT:cpu_disp.obj
 0001:0000a86c       _call_reportfault          000000018000b86c f   LIBCMT:invarg.obj
 0001:0000a960       _initp_misc_invarg         000000018000b960 f   LIBCMT:invarg.obj
 0001:0000a968       _invalid_parameter         000000018000b968 f   LIBCMT:invarg.obj
 0001:0000a9d0       _invalid_parameter_noinfo  000000018000b9d0 f   LIBCMT:invarg.obj
 0001:0000a9f0       _invoke_watson             000000018000b9f0 f   LIBCMT:invarg.obj
 0001:0000aa2c       wcscat_s                   000000018000ba2c f   LIBCMT:wcscat_s.obj
 0001:0000aab4       wcscpy_s                   000000018000bab4 f   LIBCMT:wcscpy_s.obj
 0001:0000ab20       wcslen                     000000018000bb20 f   LIBCMT:wcslen.obj
 0001:0000ab3c       __crtCorExitProcess        000000018000bb3c f   LIBCMT:crt0dat.obj
 0001:0000ab80       __crtExitProcess           000000018000bb80 f   LIBCMT:crt0dat.obj
 0001:0000ab98       __freeCrtMemory            000000018000bb98 f   LIBCMT:crt0dat.obj
 0001:0000ace0       _amsg_exit                 000000018000bce0 f   LIBCMT:crt0dat.obj
 0001:0000ad08       _cexit                     000000018000bd08 f   LIBCMT:crt0dat.obj
 0001:0000ad18       _cinit                     000000018000bd18 f   LIBCMT:crt0dat.obj
 0001:0000adb0       _exit                      000000018000bdb0 f   LIBCMT:crt0dat.obj
 0001:0000adbc       _init_pointers             000000018000bdbc f   LIBCMT:crt0dat.obj
 0001:0000ae68       _initterm_e                000000018000be68 f   LIBCMT:crt0dat.obj
 0001:0000aea4       _lockexit                  000000018000bea4 f   LIBCMT:crt0dat.obj
 0001:0000aeb0       _unlockexit                000000018000beb0 f   LIBCMT:crt0dat.obj
 0001:0000b054       abort                      000000018000c054 f   LIBCMT:abort.obj
 0001:0000b0ac       _set_error_mode            000000018000c0ac f   LIBCMT:errmode.obj
 0001:0000b0ec       __initstdio                000000018000c0ec f   LIBCMT:_file.obj
 0001:0000b184       __endstdio                 000000018000c184 f   LIBCMT:_file.obj
 0001:0000b1b4       _lock_file                 000000018000c1b4 f   LIBCMT:_file.obj
 0001:0000b21c       _lock_file2                000000018000c21c f   LIBCMT:_file.obj
 0001:0000b250       _unlock_file               000000018000c250 f   LIBCMT:_file.obj
 0001:0000b2a0       _unlock_file2              000000018000c2a0 f   LIBCMT:_file.obj
 0001:0000b2c0       _fflush_nolock             000000018000c2c0 f   LIBCMT:fflush.obj
 0001:0000b30c       _flush                     000000018000c30c f   LIBCMT:fflush.obj
 0001:0000b388       _flushall                  000000018000c388 f   LIBCMT:fflush.obj
 0001:0000b47c       __get_sigabrt              000000018000c47c f   LIBCMT:winsig.obj
 0001:0000b48c       _initp_misc_winsig         000000018000c48c f   LIBCMT:winsig.obj
 0001:0000b4ac       raise                      000000018000c4ac f   LIBCMT:winsig.obj
 0001:0000b6e0       __crtMessageBoxW           000000018000c6e0 f   LIBCMT:crtmboxw.obj
 0001:0000b954       __GSHandlerCheck           000000018000c954 f   LIBCMT:gshandler.obj
 0001:0000b974       __GSHandlerCheckCommon     000000018000c974 f   LIBCMT:gshandler.obj
 0001:0000b9d8       _FF_MSGBANNER              000000018000c9d8 f   LIBCMT:crt0msg.obj
 0001:0000ba1c       _GET_RTERRMSG              000000018000ca1c f   LIBCMT:crt0msg.obj
 0001:0000ba4c       _NMSG_WRITE                000000018000ca4c f   LIBCMT:crt0msg.obj
 0001:0000bcbc       _msize                     000000018000ccbc f   LIBCMT:msize.obj
 0001:0000bcf8       _calloc_crt                000000018000ccf8 f   LIBCMT:crtheap.obj
 0001:0000bd78       _malloc_crt                000000018000cd78 f   LIBCMT:crtheap.obj
 0001:0000bdf4       _realloc_crt               000000018000cdf4 f   LIBCMT:crtheap.obj
 0001:0000be78       __C_specific_handler       000000018000ce78 f   LIBCMT:chandler.obj
 0001:0000c05c       _initp_misc_purevirt       000000018000d05c f   LIBCMT:inithelp.obj
 0001:0000c064       free                       000000018000d064 f   LIBCMT:free.obj
 0001:0000c0a4       malloc                     000000018000d0a4 f   LIBCMT:malloc.obj
 0001:0000c15c       _callnewh                  000000018000d15c f   LIBCMT:handler.obj
 0001:0000c190       _initp_heap_handler        000000018000d190 f   LIBCMT:handler.obj
 0001:0000c198       __addlocaleref             000000018000d198 f   LIBCMT:localref.obj
 0001:0000c224       __freetlocinfo             000000018000d224 f   LIBCMT:localref.obj
 0001:0000c3bc       __removelocaleref          000000018000d3bc f   LIBCMT:localref.obj
 0001:0000c460       __updatetlocinfo           000000018000d460 f   LIBCMT:localref.obj
 0001:0000c4d8       _updatetlocinfoEx_nolock   000000018000d4d8 f   LIBCMT:localref.obj
 0001:0000c53c       __initmbctable             000000018000d53c f   LIBCMT:mbctype.obj
 0001:0000c858       __updatetmbcinfo           000000018000d858 f   LIBCMT:mbctype.obj
 0001:0000c914       _setmbcp                   000000018000d914 f   LIBCMT:mbctype.obj
 0001:0000cb58       _setmbcp_nolock            000000018000db58 f   LIBCMT:mbctype.obj
 0001:0000ce08       _tolower_l                 000000018000de08 f   LIBCMT:tolower.obj
 0001:0000cf5c       tolower                    000000018000df5c f   LIBCMT:tolower.obj
 0001:0000cf7c       _freefls                   000000018000df7c f   LIBCMT:tidtable.obj
 0001:0000d0b0       _freeptd                   000000018000e0b0 f   LIBCMT:tidtable.obj
 0001:0000d0ec       _getptd                    000000018000e0ec f   LIBCMT:tidtable.obj
 0001:0000d110       _getptd_noexit             000000018000e110 f   LIBCMT:tidtable.obj
 0001:0000d194       _initptd                   000000018000e194 f   LIBCMT:tidtable.obj
 0001:0000d258       _mtinit                    000000018000e258 f   LIBCMT:tidtable.obj
 0001:0000d2d8       _mtterm                    000000018000e2d8 f   LIBCMT:tidtable.obj
 0001:0000d2fc       __doserrno                 000000018000e2fc f   LIBCMT:dosmap.obj
 0001:0000d31c       _dosmaperr                 000000018000e31c f   LIBCMT:dosmap.obj
 0001:0000d36c       _errno                     000000018000e36c f   LIBCMT:dosmap.obj
 0001:0000d38c       _get_errno_from_oserr      000000018000e38c f   LIBCMT:dosmap.obj
 0001:0000d3dc       _locterm                   000000018000e3dc f   LIBCMT:wsetloca.obj
 0001:0000d424       _XcptFilter                000000018000e424 f   LIBCMT:winxfltr.obj
 0001:0000d5f0       __CppXcptFilter            000000018000e5f0 f   LIBCMT:winxfltr.obj
 0001:0000d604       _heap_init                 000000018000e604 f   LIBCMT:heapinit.obj
 0001:0000d624       _heap_term                 000000018000e624 f   LIBCMT:heapinit.obj
 0001:0000d630       _ioinit                    000000018000e630 f   LIBCMT:ioinit.obj
 0001:0000d960       _ioterm                    000000018000e960 f   LIBCMT:ioinit.obj
 0001:0000d9d4       _setargv                   000000018000e9d4 f   LIBCMT:stdargv.obj
 0001:0000dc90       _setenvp                   000000018000ec90 f   LIBCMT:stdenvp.obj
 0001:0000ddc4       __security_init_cookie     000000018000edc4 f   LIBCMT:gs_support.obj
 0001:0000de70       DllMain                    000000018000ee70 f   LIBCMT:dllmain.obj
 0001:0000de78       __crtGetEnvironmentStringsA 000000018000ee78 f   LIBCMT:a_env.obj
 0001:0000df6c       __crtCaptureCurrentContext 000000018000ef6c f   LIBCMT:winapisupp.obj
 0001:0000dfdc       __crtCapturePreviousContext 000000018000efdc f   LIBCMT:winapisupp.obj
 0001:0000e050       __crtFlsAlloc              000000018000f050 f   LIBCMT:winapisupp.obj
 0001:0000e06c       __crtFlsFree               000000018000f06c f   LIBCMT:winapisupp.obj
 0001:0000e088       __crtFlsGetValue           000000018000f088 f   LIBCMT:winapisupp.obj
 0001:0000e0a4       __crtFlsSetValue           000000018000f0a4 f   LIBCMT:winapisupp.obj
 0001:0000e0c0       __crtInitializeCriticalSectionEx 000000018000f0c0 f   LIBCMT:winapisupp.obj
 0001:0000e0ec       __crtIsPackagedApp         000000018000f0ec f   LIBCMT:winapisupp.obj
 0001:0000e138       __crtLoadWinApiPointers    000000018000f138 f   LIBCMT:winapisupp.obj
 0001:0000e534       __crtSleep                 000000018000f534 f   LIBCMT:winapisupp.obj
 0001:0000e53c       __crtTerminateProcess      000000018000f53c f   LIBCMT:winapisupp.obj
 0001:0000e55c       __crtUnhandledException    000000018000f55c f   LIBCMT:winapisupp.obj
 0001:0000e57c       _RTC_Initialize            000000018000f57c f   LIBCMT:initsect.obj
 0001:0000e5b4       _RTC_Terminate             000000018000f5b4 f   LIBCMT:initsect.obj
 0001:0000e5ec       __DestructExceptionObject  000000018000f5ec f   LIBCMT:frame.obj
 0001:0000e65c       ?terminate@@YAXXZ          000000018000f65c f   LIBCMT:hooks.obj
 0001:0000e67c       _initp_eh_hooks            000000018000f67c f   LIBCMT:hooks.obj
 0001:0000e6b0       strcmp                     000000018000f6b0 f   LIBCMT:strcmp.obj
 0001:0000e718       _cfltcvt                   000000018000f718 f   LIBCMT:cvt.obj
 0001:0000e73c       _cfltcvt_l                 000000018000f73c f   LIBCMT:cvt.obj
 0001:0000e7bc       _cftoa_l                   000000018000f7bc f   LIBCMT:cvt.obj
 0001:0000ed68       _cftoe_l                   000000018000fd68 f   LIBCMT:cvt.obj
 0001:0000efc4       _cftof_l                   000000018000ffc4 f   LIBCMT:cvt.obj
 0001:0000f098       _cftog_l                   0000000180010098 f   LIBCMT:cvt.obj
 0001:0000f1cc       _cropzeros                 00000001800101cc f   LIBCMT:cvt.obj
 0001:0000f1d4       _cropzeros_l               00000001800101d4 f   LIBCMT:cvt.obj
 0001:0000f26c       _fassign                   000000018001026c f   LIBCMT:cvt.obj
 0001:0000f274       _fassign_l                 0000000180010274 f   LIBCMT:cvt.obj
 0001:0000f2b4       _forcdecpt                 00000001800102b4 f   LIBCMT:cvt.obj
 0001:0000f2bc       _forcdecpt_l               00000001800102bc f   LIBCMT:cvt.obj
 0001:0000f33c       _positive                  000000018001033c f   LIBCMT:cvt.obj
 0001:0000f350       _initp_misc_cfltcvt_tab    0000000180010350 f   LIBCMT:cmiscdat.obj
 0001:0000f38c       strcpy_s                   000000018001038c f   LIBCMT:strcpy_s.obj
 0001:0000f3f0       __crt_debugger_hook        00000001800103f0 f   LIBCMT:dbghook.obj
 0001:0000f410       memset                     0000000180010410 f   LIBCMT:memset.obj
 0001:0000f63c       _lock                      000000018001063c f   LIBCMT:mlock.obj
 0001:0000f680       _mtdeletelocks             0000000180010680 f   LIBCMT:mlock.obj
 0001:0000f708       _mtinitlocknum             0000000180010708 f   LIBCMT:mlock.obj
 0001:0000f7c8       _mtinitlocks               00000001800107c8 f   LIBCMT:mlock.obj
 0001:0000f82c       _unlock                    000000018001082c f   LIBCMT:mlock.obj
 0001:0000f850       _FindPESection             0000000180010850 f   LIBCMT:pesect.obj
 0001:0000f8a0       _IsNonwritableInCurrentImage 00000001800108a0 f   LIBCMT:pesect.obj
 0001:0000f8f0       _ValidateImageBase         00000001800108f0 f   LIBCMT:pesect.obj
 0001:0000f920       _initp_misc_rand_s         0000000180010920 f   LIBCMT:rand_s.obj
 0001:0000f928       _fcloseall                 0000000180010928 f   LIBCMT:closeall.obj
 0001:0000f9d0       _fileno                    00000001800109d0 f   LIBCMT:fileno.obj
 0001:0000f9f8       _commit                    00000001800109f8 f   LIBCMT:commit.obj
 0001:0000fad0       _write                     0000000180010ad0 f   LIBCMT:write.obj
 0001:0000fbb4       _write_nolock              0000000180010bb4 f   LIBCMT:write.obj
 0001:000103a8       _freebuf                   00000001800113a8 f   LIBCMT:_freebuf.obj
 0001:000103e0       wcsncpy_s                  00000001800113e0 f   LIBCMT:wcsncpy_s.obj
 0001:000104ac       realloc                    00000001800114ac f   LIBCMT:realloc.obj
 0001:00010580       _calloc_impl               0000000180011580 f   LIBCMT:calloc_impl.obj
 0001:00010630       _local_unwind              0000000180011630 f   LIBCMT:jmpuwind.obj
 0001:00010660       _NLG_Notify                0000000180011660 f   LIBCMT:jmpuwind.obj
 0001:00010680       __NLG_Dispatch2            0000000180011680 f   LIBCMT:jmpuwind.obj
 0001:00010690       __NLG_Return2              0000000180011690 f   LIBCMT:jmpuwind.obj
 0001:00010694       GetTableIndexFromLocaleName 0000000180011694 f   LIBCMT:winapinls.obj
 0001:00010720       __crtDownlevelLocaleNameToLCID 0000000180011720 f   LIBCMT:winapinls.obj
 0001:00010754       __crtLCMapStringEx         0000000180011754 f   LIBCMT:winapinls.obj
 0001:000107e4       __wcsnicmp_ascii           00000001800117e4 f   LIBCMT:winapinls.obj
 0001:00010850       _get_fpsr                  0000000180011850 f   LIBCMT:fpsr.obj
 0001:00010860       _set_fpsr                  0000000180011860 f   LIBCMT:fpsr.obj
 0001:0001086a       _fclrf                     000000018001186a f   LIBCMT:fpsr.obj
 0001:0001087e       _frnd                      000000018001187e f   LIBCMT:fpsr.obj
 0001:000108a0       __free_lconv_mon           00000001800118a0 f   LIBCMT:initmon.obj
 0001:000109ac       __free_lconv_num           00000001800119ac f   LIBCMT:initnum.obj
 0001:00010a18       __free_lc_time             0000000180011a18 f   LIBCMT:inittime.obj
 0001:00011100       __crtLCMapStringA          0000000180012100 f   LIBCMT:a_map.obj
 0001:00011310       __crtGetStringTypeA        0000000180012310 f   LIBCMT:a_str.obj
 0001:0001138c       _isctype_l                 000000018001238c f   LIBCMT:isctype.obj
 0001:00011468       _isleadbyte_l              0000000180012468 f i LIBCMT:_wctype.obj
 0001:000114ac       isleadbyte                 00000001800124ac f i LIBCMT:_wctype.obj
 0001:00011510       memcmp                     0000000180012510 f   LIBCMT:memcmp.obj
 0001:00011654       _ismbblead                 0000000180012654 f   LIBCMT:ismbbyte.obj
 0001:00011680       _CallSettingFrame          0000000180012680 f   LIBCMT:handlers.obj
 0001:000116c0       _GetNextInstrOffset        00000001800126c0 f   LIBCMT:handlers.obj
 0001:000116c8       isdigit                    00000001800126c8 f i LIBCMT:_ctype.obj
 0001:00011744       strrchr                    0000000180012744 f   LIBCMT:strrchr.obj
 0001:00011888       _fptostr                   0000000180012888 f   LIBCMT:_fptostr.obj
 0001:00011954       __crt_atoflt_l             0000000180012954 f   LIBCMT:atodbl.obj
 0001:00011a24       _atodbl_l                  0000000180012a24 f   LIBCMT:atodbl.obj
 0001:00011aec       _atoflt_l                  0000000180012aec f   LIBCMT:atodbl.obj
 0001:00011af4       __dtold                    0000000180012af4 f   LIBCMT:cfout.obj
 0001:00011bc4       _fltout2                   0000000180012bc4 f   LIBCMT:cfout.obj
 0001:00011c7c       _fptrap                    0000000180012c7c f   LIBCMT:crt0fp.obj
 0001:00011c88       _isatty                    0000000180012c88 f   LIBCMT:isatty.obj
 0001:00011ce8       _fclose_nolock             0000000180012ce8 f   LIBCMT:fclose.obj
 0001:00011d64       fclose                     0000000180012d64 f   LIBCMT:fclose.obj
 0001:00011dcc       __lock_fhandle             0000000180012dcc f   LIBCMT:osfinfo.obj
 0001:00011e64       _free_osfhnd               0000000180012e64 f   LIBCMT:osfinfo.obj
 0001:00011f10       _get_osfhandle             0000000180012f10 f   LIBCMT:osfinfo.obj
 0001:00011f84       _unlock_fhandle            0000000180012f84 f   LIBCMT:osfinfo.obj
 0001:00011fb0       _lseeki64_nolock           0000000180012fb0 f   LIBCMT:lseeki64.obj
 0001:00012044       _mbtowc_l                  0000000180013044 f   LIBCMT:mbtowc.obj
 0001:00012198       mbtowc                     0000000180013198 f   LIBCMT:mbtowc.obj
 0001:000121a0       _putwch_nolock             00000001800131a0 f   LIBCMT:putwch.obj
 0001:00012210       _alloca_probe              0000000180013210 f   LIBCMT:chkstk.obj
 0001:00012210       __chkstk                   0000000180013210 f   LIBCMT:chkstk.obj
 0001:00012260       _ld12tod                   0000000180013260 f   LIBCMT:intrncvt.obj
 0001:00012818       _ld12tof                   0000000180013818 f   LIBCMT:intrncvt.obj
 0001:00012dd0       __strgtold12_l             0000000180013dd0 f   LIBCMT:strgtold.obj
 0001:00013634       $I10_OUTPUT                0000000180014634 f   LIBCMT:x10fout.obj
 0001:0001410c       _close                     000000018001510c f   LIBCMT:close.obj
 0001:000141d0       _close_nolock              00000001800151d0 f   LIBCMT:close.obj
 0001:0001428c       __termconout               000000018001528c f   LIBCMT:initcon.obj
 0001:000142ac       __initconout               00000001800152ac f   LIBCMT:initcon.obj
 0001:000142e8       __mtold12                  00000001800152e8 f   LIBCMT:mantold.obj
 0001:00014510       RtlUnwindEx                0000000180015510 f   kernel32:KERNEL32.dll
 0001:00014516       IsProcessorFeaturePresent  0000000180015516 f   kernel32:KERNEL32.dll
 0001:0001451c       __delayLoadHelper2         000000018001551c f   DelayImp:delayhlp.obj
 0002:00000000       __imp_CryptGenRandom       0000000180016000     advapi32:ADVAPI32.dll
 0002:00000008       __imp_CryptReleaseContext  0000000180016008     advapi32:ADVAPI32.dll
 0002:00000010       __imp_CryptAcquireContextA 0000000180016010     advapi32:ADVAPI32.dll
 0002:00000018       \177ADVAPI32_NULL_THUNK_DATA 0000000180016018     advapi32:ADVAPI32.dll
 0002:00000020       __imp_GetModuleHandleA     0000000180016020     kernel32:KERNEL32.dll
 0002:00000028       __imp_GetStdHandle         0000000180016028     kernel32:KERNEL32.dll
 0002:00000030       __imp_GetFileType          0000000180016030     kernel32:KERNEL32.dll
 0002:00000038       __imp_GetModuleFileNameW   0000000180016038     kernel32:KERNEL32.dll
 0002:00000040       __imp_GetModuleHandleExW   0000000180016040     kernel32:KERNEL32.dll
 0002:00000048       __imp_WriteConsoleW        0000000180016048     kernel32:KERNEL32.dll
 0002:00000050       __imp_EncodePointer        0000000180016050     kernel32:KERNEL32.dll
 0002:00000058       __imp_DecodePointer        0000000180016058     kernel32:KERNEL32.dll
 0002:00000060       __imp_GetCommandLineA      0000000180016060     kernel32:KERNEL32.dll
 0002:00000068       __imp_GetCurrentThreadId   0000000180016068     kernel32:KERNEL32.dll
 0002:00000070       __imp_RaiseException       0000000180016070     kernel32:KERNEL32.dll
 0002:00000078       __imp_RtlLookupFunctionEntry 0000000180016078     kernel32:KERNEL32.dll
 0002:00000080       __imp_RtlUnwindEx          0000000180016080     kernel32:KERNEL32.dll
 0002:00000088       __imp_IsDebuggerPresent    0000000180016088     kernel32:KERNEL32.dll
 0002:00000090       __imp_IsProcessorFeaturePresent 0000000180016090     kernel32:KERNEL32.dll
 0002:00000098       __imp_GetLastError         0000000180016098     kernel32:KERNEL32.dll
 0002:000000a0       __imp_ExitProcess          00000001800160a0     kernel32:KERNEL32.dll
 0002:000000a8       __imp_GetProcAddress       00000001800160a8     kernel32:KERNEL32.dll
 0002:000000b0       __imp_MultiByteToWideChar  00000001800160b0     kernel32:KERNEL32.dll
 0002:000000b8       __imp_WideCharToMultiByte  00000001800160b8     kernel32:KERNEL32.dll
 0002:000000c0       __imp_EnterCriticalSection 00000001800160c0     kernel32:KERNEL32.dll
 0002:000000c8       __imp_LeaveCriticalSection 00000001800160c8     kernel32:KERNEL32.dll
 0002:000000d0       __imp_OutputDebugStringW   00000001800160d0     kernel32:KERNEL32.dll
 0002:000000d8       __imp_LoadLibraryExW       00000001800160d8     kernel32:KERNEL32.dll
 0002:000000e0       __imp_WriteFile            00000001800160e0     kernel32:KERNEL32.dll
 0002:000000e8       __imp_HeapSize             00000001800160e8     kernel32:KERNEL32.dll
 0002:000000f0       __imp_HeapFree             00000001800160f0     kernel32:KERNEL32.dll
 0002:000000f8       __imp_HeapAlloc            00000001800160f8     kernel32:KERNEL32.dll
 0002:00000100       __imp_IsValidCodePage      0000000180016100     kernel32:KERNEL32.dll
 0002:00000108       __imp_GetACP               0000000180016108     kernel32:KERNEL32.dll
 0002:00000110       __imp_GetOEMCP             0000000180016110     kernel32:KERNEL32.dll
 0002:00000118       __imp_GetCPInfo            0000000180016118     kernel32:KERNEL32.dll
 0002:00000120       __imp_SetLastError         0000000180016120     kernel32:KERNEL32.dll
 0002:00000128       __imp_GetProcessHeap       0000000180016128     kernel32:KERNEL32.dll
 0002:00000130       __imp_DeleteCriticalSection 0000000180016130     kernel32:KERNEL32.dll
 0002:00000138       __imp_GetStartupInfoW      0000000180016138     kernel32:KERNEL32.dll
 0002:00000140       __imp_GetModuleFileNameA   0000000180016140     kernel32:KERNEL32.dll
 0002:00000148       __imp_QueryPerformanceCounter 0000000180016148     kernel32:KERNEL32.dll
 0002:00000150       __imp_GetCurrentProcessId  0000000180016150     kernel32:KERNEL32.dll
 0002:00000158       __imp_GetSystemTimeAsFileTime 0000000180016158     kernel32:KERNEL32.dll
 0002:00000160       __imp_GetEnvironmentStringsW 0000000180016160     kernel32:KERNEL32.dll
 0002:00000168       __imp_FreeEnvironmentStringsW 0000000180016168     kernel32:KERNEL32.dll
 0002:00000170       __imp_RtlCaptureContext    0000000180016170     kernel32:KERNEL32.dll
 0002:00000178       __imp_RtlVirtualUnwind     0000000180016178     kernel32:KERNEL32.dll
 0002:00000180       __imp_UnhandledExceptionFilter 0000000180016180     kernel32:KERNEL32.dll
 0002:00000188       __imp_SetUnhandledExceptionFilter 0000000180016188     kernel32:KERNEL32.dll
 0002:00000190       __imp_InitializeCriticalSectionAndSpinCount 0000000180016190     kernel32:KERNEL32.dll
 0002:00000198       __imp_Sleep                0000000180016198     kernel32:KERNEL32.dll
 0002:000001a0       __imp_GetCurrentProcess    00000001800161a0     kernel32:KERNEL32.dll
 0002:000001a8       __imp_TerminateProcess     00000001800161a8     kernel32:KERNEL32.dll
 0002:000001b0       __imp_TlsAlloc             00000001800161b0     kernel32:KERNEL32.dll
 0002:000001b8       __imp_TlsGetValue          00000001800161b8     kernel32:KERNEL32.dll
 0002:000001c0       __imp_TlsSetValue          00000001800161c0     kernel32:KERNEL32.dll
 0002:000001c8       __imp_TlsFree              00000001800161c8     kernel32:KERNEL32.dll
 0002:000001d0       __imp_GetModuleHandleW     00000001800161d0     kernel32:KERNEL32.dll
 0002:000001d8       __imp_FreeLibrary          00000001800161d8     kernel32:KERNEL32.dll
 0002:000001e0       __imp_FlushFileBuffers     00000001800161e0     kernel32:KERNEL32.dll
 0002:000001e8       __imp_GetConsoleCP         00000001800161e8     kernel32:KERNEL32.dll
 0002:000001f0       __imp_GetConsoleMode       00000001800161f0     kernel32:KERNEL32.dll
 0002:000001f8       __imp_HeapReAlloc          00000001800161f8     kernel32:KERNEL32.dll
 0002:00000200       __imp_LCMapStringW         0000000180016200     kernel32:KERNEL32.dll
 0002:00000208       __imp_GetStringTypeW       0000000180016208     kernel32:KERNEL32.dll
 0002:00000210       __imp_SetStdHandle         0000000180016210     kernel32:KERNEL32.dll
 0002:00000218       __imp_SetFilePointerEx     0000000180016218     kernel32:KERNEL32.dll
 0002:00000220       __imp_CloseHandle          0000000180016220     kernel32:KERNEL32.dll
 0002:00000228       __imp_CreateFileW          0000000180016228     kernel32:KERNEL32.dll
 0002:00000230       __imp_LoadLibraryExA       0000000180016230     kernel32:KERNEL32.dll
 0002:00000238       \177KERNEL32_NULL_THUNK_DATA 0000000180016238     kernel32:KERNEL32.dll
 0002:00000240       __xc_a                     0000000180016240     LIBCMT:crt0init.obj
 0002:00000258       _register_supercop_        0000000180016258     supercop.obj
 0002:00000260       __xc_z                     0000000180016260     LIBCMT:crt0init.obj
 0002:00000268       __xi_a                     0000000180016268     LIBCMT:crt0init.obj
 0002:00000290       __xi_z                     0000000180016290     LIBCMT:crt0init.obj
 0002:00000298       __xp_a                     0000000180016298     LIBCMT:crt0init.obj
 0002:000002b8       __xp_z                     00000001800162b8     LIBCMT:crt0init.obj
 0002:000002c0       __xt_a                     00000001800162c0     LIBCMT:crt0init.obj
 0002:000002c8       __xt_z                     00000001800162c8     LIBCMT:crt0init.obj
 0002:00000310       __sz_node_exe              0000000180016310     node:node.exe
 0002:00000cc0       ??_C@_0BC@CIJDGCDI@permission?5denied?$AA@ 0000000180016cc0     libcpmt:syserror.obj
 0002:00000cd8       ??_C@_0M@MIDIAGJP@file?5exists?$AA@ 0000000180016cd8     libcpmt:syserror.obj
 0002:00000ce8       ??_C@_0P@FDINDDOK@no?5such?5device?$AA@ 0000000180016ce8     libcpmt:syserror.obj
 0002:00000cf8       ??_C@_0BC@EJHOMAAK@filename?5too?5long?$AA@ 0000000180016cf8     libcpmt:syserror.obj
 0002:00000d10       ??_C@_0BI@NGCEHDD@device?5or?5resource?5busy?$AA@ 0000000180016d10     libcpmt:syserror.obj
 0002:00000d28       ??_C@_08GLNPIFBN@io?5error?$AA@ 0000000180016d28     libcpmt:syserror.obj
 0002:00000d38       ??_C@_0BE@JIDOCPHM@directory?5not?5empty?$AA@ 0000000180016d38     libcpmt:syserror.obj
 0002:00000d50       ??_C@_0BB@FCMFBGOM@invalid?5argument?$AA@ 0000000180016d50     libcpmt:syserror.obj
 0002:00000d68       ??_C@_0BD@IJDJKDEA@no?5space?5on?5device?$AA@ 0000000180016d68     libcpmt:syserror.obj
 0002:00000d80       ??_C@_0BK@NDOCBPGE@no?5such?5file?5or?5directory?$AA@ 0000000180016d80     libcpmt:syserror.obj
 0002:00000da0       ??_C@_0BH@KEFGLDAF@function?5not?5supported?$AA@ 0000000180016da0     libcpmt:syserror.obj
 0002:00000db8       ??_C@_0BC@NJECKMKE@no?5lock?5available?$AA@ 0000000180016db8     libcpmt:syserror.obj
 0002:00000dd0       ??_C@_0BC@ENOOLCNF@not?5enough?5memory?$AA@ 0000000180016dd0     libcpmt:syserror.obj
 0002:00000de8       ??_C@_0BP@LKNGHENJ@resource?5unavailable?5try?5again?$AA@ 0000000180016de8     libcpmt:syserror.obj
 0002:00000e08       ??_C@_0BC@PPHBOELF@cross?5device?5link?$AA@ 0000000180016e08     libcpmt:syserror.obj
 0002:00000e20       ??_C@_0BD@MOLBPMEA@operation?5canceled?$AA@ 0000000180016e20     libcpmt:syserror.obj
 0002:00000e38       ??_C@_0BE@GHAFMPAH@too?5many?5files?5open?$AA@ 0000000180016e38     libcpmt:syserror.obj
 0002:00000e50       ??_C@_0BC@FNODOBAE@permission_denied?$AA@ 0000000180016e50     libcpmt:syserror.obj
 0002:00000e68       ??_C@_0P@LNDJPBFK@address_in_use?$AA@ 0000000180016e68     libcpmt:syserror.obj
 0002:00000e78       ??_C@_0BG@IPMGOJF@address_not_available?$AA@ 0000000180016e78     libcpmt:syserror.obj
 0002:00000e90       ??_C@_0BN@LCBDHODA@address_family_not_supported?$AA@ 0000000180016e90     libcpmt:syserror.obj
 0002:00000eb0       ??_C@_0BP@FOJJHMCC@connection_already_in_progress?$AA@ 0000000180016eb0     libcpmt:syserror.obj
 0002:00000ed0       ??_C@_0BE@DLHHIBGN@bad_file_descriptor?$AA@ 0000000180016ed0     libcpmt:syserror.obj
 0002:00000ee8       ??_C@_0BD@OJMJDIGI@connection_aborted?$AA@ 0000000180016ee8     libcpmt:syserror.obj
 0002:00000f00       ??_C@_0BD@NGKCIFEP@connection_refused?$AA@ 0000000180016f00     libcpmt:syserror.obj
 0002:00000f18       ??_C@_0BB@JOANDNCK@connection_reset?$AA@ 0000000180016f18     libcpmt:syserror.obj
 0002:00000f30       ??_C@_0BN@JLJNLKLK@destination_address_required?$AA@ 0000000180016f30     libcpmt:syserror.obj
 0002:00000f50       ??_C@_0M@IJGMGFGP@bad_address?$AA@ 0000000180016f50     libcpmt:syserror.obj
 0002:00000f60       ??_C@_0BB@KKNHPPIN@host_unreachable?$AA@ 0000000180016f60     libcpmt:syserror.obj
 0002:00000f78       ??_C@_0BG@DJGBJIIK@operation_in_progress?$AA@ 0000000180016f78     libcpmt:syserror.obj
 0002:00000f90       ??_C@_0M@EGEKIIMP@interrupted?$AA@ 0000000180016f90     libcpmt:syserror.obj
 0002:00000fa0       ??_C@_0BB@FFIHMIPJ@invalid_argument?$AA@ 0000000180016fa0     libcpmt:syserror.obj
 0002:00000fb8       ??_C@_0BC@FIFLCHLO@already_connected?$AA@ 0000000180016fb8     libcpmt:syserror.obj
 0002:00000fd0       ??_C@_0BE@GJJJJDDA@too_many_files_open?$AA@ 0000000180016fd0     libcpmt:syserror.obj
 0002:00000fe8       ??_C@_0N@HPMLKHPL@message_size?$AA@ 0000000180016fe8     libcpmt:syserror.obj
 0002:00000ff8       ??_C@_0BC@LEEIKBAL@filename_too_long?$AA@ 0000000180016ff8     libcpmt:syserror.obj
 0002:00001010       ??_C@_0N@FCPALPJK@network_down?$AA@ 0000000180017010     libcpmt:syserror.obj
 0002:00001020       ??_C@_0O@EHNDLHIG@network_reset?$AA@ 0000000180017020     libcpmt:syserror.obj
 0002:00001030       ??_C@_0BE@JFNJIDNF@network_unreachable?$AA@ 0000000180017030     libcpmt:syserror.obj
 0002:00001048       ??_C@_0BA@FDIJKJCL@no_buffer_space?$AA@ 0000000180017048     libcpmt:syserror.obj
 0002:00001058       ??_C@_0BD@JHIHCGKP@no_protocol_option?$AA@ 0000000180017058     libcpmt:syserror.obj
 0002:00001070       ??_C@_0O@GBCLHHD@not_connected?$AA@ 0000000180017070     libcpmt:syserror.obj
 0002:00001080       ??_C@_0N@IMHKKLEM@not_a_socket?$AA@ 0000000180017080     libcpmt:syserror.obj
 0002:00001090       ??_C@_0BI@ICEIDKLJ@operation_not_supported?$AA@ 0000000180017090     libcpmt:syserror.obj
 0002:000010a8       ??_C@_0BH@KAPBAIJF@protocol_not_supported?$AA@ 00000001800170a8     libcpmt:syserror.obj
 0002:000010c0       ??_C@_0BE@GAOJJFPC@wrong_protocol_type?$AA@ 00000001800170c0     libcpmt:syserror.obj
 0002:000010d8       ??_C@_09NCHNLHPG@timed_out?$AA@ 00000001800170d8     libcpmt:syserror.obj
 0002:000010e8       ??_C@_0BG@GDGHKFDH@operation_would_block?$AA@ 00000001800170e8     libcpmt:syserror.obj
 0002:00001100       ??_C@_0BN@LKKBCCDB@address?5family?5not?5supported?$AA@ 0000000180017100     libcpmt:syserror.obj
 0002:00001120       ??_C@_0P@LDMLAFHI@address?5in?5use?$AA@ 0000000180017120     libcpmt:syserror.obj
 0002:00001130       ??_C@_0BG@DHPCNBJB@address?5not?5available?$AA@ 0000000180017130     libcpmt:syserror.obj
 0002:00001148       ??_C@_0BC@DFIBIBIL@already?5connected?$AA@ 0000000180017148     libcpmt:syserror.obj
 0002:00001160       ??_C@_0BH@CAKOHOMI@argument?5list?5too?5long?$AA@ 0000000180017160     libcpmt:syserror.obj
 0002:00001178       ??_C@_0BH@CGIMPKIM@argument?5out?5of?5domain?$AA@ 0000000180017178     libcpmt:syserror.obj
 0002:00001190       ??_C@_0M@KGHGGJGL@bad?5address?$AA@ 0000000180017190     libcpmt:syserror.obj
 0002:000011a0       ??_C@_0BE@MPJPGCEO@bad?5file?5descriptor?$AA@ 00000001800171a0     libcpmt:syserror.obj
 0002:000011b8       ??_C@_0M@PMMIEFCP@bad?5message?$AA@ 00000001800171b8     libcpmt:syserror.obj
 0002:000011c8       ??_C@_0M@KPHOFDBE@broken?5pipe?$AA@ 00000001800171c8     libcpmt:syserror.obj
 0002:000011d8       ??_C@_0BD@MGNDDEGM@connection?5aborted?$AA@ 00000001800171d8     libcpmt:syserror.obj
 0002:000011f0       ??_C@_0BP@KAIHPOGN@connection?5already?5in?5progress?$AA@ 00000001800171f0     libcpmt:syserror.obj
 0002:00001210       ??_C@_0BD@PJLIIJEL@connection?5refused?$AA@ 0000000180017210     libcpmt:syserror.obj
 0002:00001228       ??_C@_0BB@IECNJNOI@connection?5reset?$AA@ 0000000180017228     libcpmt:syserror.obj
 0002:00001240       ??_C@_0BN@KDMIFEIP@destination?5address?5required?$AA@ 0000000180017240     libcpmt:syserror.obj
 0002:00001260       ??_C@_0BI@BNCLIGPB@executable?5format?5error?$AA@ 0000000180017260     libcpmt:syserror.obj
 0002:00001278       ??_C@_0P@DNAJLBJK@file?5too?5large?$AA@ 0000000180017278     libcpmt:syserror.obj
 0002:00001288       ??_C@_0BB@DHFDFGDM@host?5unreachable?$AA@ 0000000180017288     libcpmt:syserror.obj
 0002:000012a0       ??_C@_0BD@JPHBMONG@identifier?5removed?$AA@ 00000001800172a0     libcpmt:syserror.obj
 0002:000012b8       ??_C@_0BG@CDNPAGJK@illegal?5byte?5sequence?$AA@ 00000001800172b8     libcpmt:syserror.obj
 0002:000012d0       ??_C@_0CD@BNPLBMNA@inappropriate?5io?5control?5operati@ 00000001800172d0     libcpmt:syserror.obj
 0002:000012f8       ??_C@_0N@OHAFKDEK@invalid?5seek?$AA@ 00000001800172f8     libcpmt:syserror.obj
 0002:00001308       ??_C@_0P@FLLDBIDK@is?5a?5directory?$AA@ 0000000180017308     libcpmt:syserror.obj
 0002:00001318       ??_C@_0N@IFLPBIOP@message?5size?$AA@ 0000000180017318     libcpmt:syserror.obj
 0002:00001328       ??_C@_0N@KIIEAAIO@network?5down?$AA@ 0000000180017328     libcpmt:syserror.obj
 0002:00001338       ??_C@_0O@FNPDBHEE@network?5reset?$AA@ 0000000180017338     libcpmt:syserror.obj
 0002:00001348       ??_C@_0BE@IFNCKGE@network?5unreachable?$AA@ 0000000180017348     libcpmt:syserror.obj
 0002:00001360       ??_C@_0BA@PFFCAOFK@no?5buffer?5space?$AA@ 0000000180017360     libcpmt:syserror.obj
 0002:00001370       ??_C@_0BB@IEPBLJHK@no?5child?5process?$AA@ 0000000180017370     libcpmt:syserror.obj
 0002:00001388       ??_C@_07PLECNNKG@no?5link?$AA@ 0000000180017388     libcpmt:syserror.obj
 0002:00001390       ??_C@_0BF@PBGGPKKE@no?5message?5available?$AA@ 0000000180017390     libcpmt:syserror.obj
 0002:000013a8       ??_C@_0L@EDOLMPAK@no?5message?$AA@ 00000001800173a8     libcpmt:syserror.obj
 0002:000013b8       ??_C@_0BD@EAMBFIDF@no?5protocol?5option?$AA@ 00000001800173b8     libcpmt:syserror.obj
 0002:000013d0       ??_C@_0BE@MKFDAFMP@no?5stream?5resources?$AA@ 00000001800173d0     libcpmt:syserror.obj
 0002:000013e8       ??_C@_0BK@IMCPHCBI@no?5such?5device?5or?5address?$AA@ 00000001800173e8     libcpmt:syserror.obj
 0002:00001408       ??_C@_0BA@ENLPPKBN@no?5such?5process?$AA@ 0000000180017408     libcpmt:syserror.obj
 0002:00001418       ??_C@_0BA@DOCPFFJG@not?5a?5directory?$AA@ 0000000180017418     libcpmt:syserror.obj
 0002:00001428       ??_C@_0N@POEIPGGF@not?5a?5socket?$AA@ 0000000180017428     libcpmt:syserror.obj
 0002:00001438       ??_C@_0N@LGAPMMPI@not?5a?5stream?$AA@ 0000000180017438     libcpmt:syserror.obj
 0002:00001448       ??_C@_0O@GLMIBBEG@not?5connected?$AA@ 0000000180017448     libcpmt:syserror.obj
 0002:00001458       ??_C@_0O@NHEDABJP@not?5supported?$AA@ 0000000180017458     libcpmt:syserror.obj
 0002:00001468       ??_C@_0BG@KDKHOPCO@operation?5in?5progress?$AA@ 0000000180017468     libcpmt:syserror.obj
 0002:00001480       ??_C@_0BI@OHIEJAAB@operation?5not?5permitted?$AA@ 0000000180017480     libcpmt:syserror.obj
 0002:00001498       ??_C@_0BI@LNEGIFLN@operation?5not?5supported?$AA@ 0000000180017498     libcpmt:syserror.obj
 0002:000014b0       ??_C@_0BG@OEMDKMEE@operation?5would?5block?$AA@ 00000001800174b0     libcpmt:syserror.obj
 0002:000014c8       ??_C@_0L@BLPOFLNJ@owner?5dead?$AA@ 00000001800174c8     libcpmt:syserror.obj
 0002:000014d8       ??_C@_0P@FNPOCJBE@protocol?5error?$AA@ 00000001800174d8     libcpmt:syserror.obj
 0002:000014e8       ??_C@_0BH@JPPPLHJB@protocol?5not?5supported?$AA@ 00000001800174e8     libcpmt:syserror.obj
 0002:00001500       ??_C@_0BG@EICBIHDP@read?5only?5file?5system?$AA@ 0000000180017500     libcpmt:syserror.obj
 0002:00001518       ??_C@_0BO@BJBOMOEJ@resource?5deadlock?5would?5occur?$AA@ 0000000180017518     libcpmt:syserror.obj
 0002:00001538       ??_C@_0BE@GOIPJJHG@result?5out?5of?5range?$AA@ 0000000180017538     libcpmt:syserror.obj
 0002:00001550       ??_C@_0BG@MPLKFPAE@state?5not?5recoverable?$AA@ 0000000180017550     libcpmt:syserror.obj
 0002:00001568       ??_C@_0P@DIIFGFCG@stream?5timeout?$AA@ 0000000180017568     libcpmt:syserror.obj
 0002:00001578       ??_C@_0P@IPFDMIFL@text?5file?5busy?$AA@ 0000000180017578     libcpmt:syserror.obj
 0002:00001588       ??_C@_09KJPPMAOI@timed?5out?$AA@ 0000000180017588     libcpmt:syserror.obj
 0002:00001598       ??_C@_0BO@HACHBEKI@too?5many?5files?5open?5in?5system?$AA@ 0000000180017598     libcpmt:syserror.obj
 0002:000015b8       ??_C@_0P@HCOMKFCC@too?5many?5links?$AA@ 00000001800175b8     libcpmt:syserror.obj
 0002:000015c8       ??_C@_0BO@EFGOJEF@too?5many?5symbolic?5link?5levels?$AA@ 00000001800175c8     libcpmt:syserror.obj
 0002:000015e8       ??_C@_0BA@KGKGOOJA@value?5too?5large?$AA@ 00000001800175e8     libcpmt:syserror.obj
 0002:000015f8       ??_C@_0BE@MIEJDDNH@wrong?5protocol?5type?$AA@ 00000001800175f8     libcpmt:syserror.obj
 0002:00001610       ??_C@_17LGKOMLJ@?$AA?4?$AA?4?$AA?4?$AA?$AA@ 0000000180017610     LIBCMT:wassert.obj
 0002:00001618       ??_C@_13LBAGMAIH@?$AA?6?$AA?$AA@ 0000000180017618     LIBCMT:wassert.obj
 0002:0000161c       ??_C@_15IABLJNFO@?$AA?6?$AA?6?$AA?$AA@ 000000018001761c     LIBCMT:wassert.obj
 0002:00001628       ??_C@_1CO@EAEJAADC@?$AA?$DM?$AAp?$AAr?$AAo?$AAg?$AAr?$AAa?$AAm?$AA?5?$AAn?$AAa?$AAm?$AAe?$AA?5?$AAu?$AAn?$AAk?$AAn?$AAo?$AAw?$AAn?$AA?$DO?$AA?$AA@ 0000000180017628     LIBCMT:wassert.obj
 0002:00001660       ??_C@_1EK@MBDPDCGA@?$AAM?$AAi?$AAc?$AAr?$AAo?$AAs?$AAo?$AAf?$AAt?$AA?5?$AAV?$AAi?$AAs?$AAu?$AAa?$AAl?$AA?5?$AAC?$AA?$CL?$AA?$CL?$AA?5?$AAR?$AAu?$AAn?$AAt?$AAi?$AAm?$AAe?$AA?5?$AAL?$AAi?$AAb@ 0000000180017660     LIBCMT:wassert.obj
 0002:000016ac       ??_C@_06MEIMCGCF@_hypot?$AA@ 00000001800176ac     LIBCMT:hypot.obj
 0002:000016b8       _pRawDllMain               00000001800176b8     LIBCMT:dllcrt0.obj
 0002:000016b8       _pDefaultRawDllMain        00000001800176b8     LIBCMT:dllcrt0.obj
 0002:000016c0       _FPinit                    00000001800176c0     LIBCMT:fpinit.obj
 0002:000016d8       ??_C@_1BI@BGOHAHKC@?$AAm?$AAs?$AAc?$AAo?$AAr?$AAe?$AAe?$AA?4?$AAd?$AAl?$AAl?$AA?$AA@ 00000001800176d8     LIBCMT:crt0dat.obj
 0002:000016f0       ??_C@_0P@MIGLKIOC@CorExitProcess?$AA@ 00000001800176f0     LIBCMT:crt0dat.obj
 0002:00001700       ??_C@_1BG@GOEBHBDC@?$AAU?$AAS?$AAE?$AAR?$AA3?$AA2?$AA?4?$AAD?$AAL?$AAL?$AA?$AA@ 0000000180017700     LIBCMT:crtmboxw.obj
 0002:00001718       ??_C@_0M@DLDCCGNP@MessageBoxW?$AA@ 0000000180017718     LIBCMT:crtmboxw.obj
 0002:00001728       ??_C@_0BA@HNOPNCHB@GetActiveWindow?$AA@ 0000000180017728     LIBCMT:crtmboxw.obj
 0002:00001738       ??_C@_0BD@HHGDFDBJ@GetLastActivePopup?$AA@ 0000000180017738     LIBCMT:crtmboxw.obj
 0002:00001750       ??_C@_0BK@DEKFELLI@GetUserObjectInformationW?$AA@ 0000000180017750     LIBCMT:crtmboxw.obj
 0002:00001770       ??_C@_0BI@DFKBFLJE@GetProcessWindowStation?$AA@ 0000000180017770     LIBCMT:crtmboxw.obj
 0002:00001900       ??_C@_1FK@PGACCAFB@?$AAR?$AA6?$AA0?$AA0?$AA2?$AA?$AN?$AA?6?$AA?9?$AA?5?$AAf?$AAl?$AAo?$AAa?$AAt?$AAi?$AAn?$AAg?$AA?5?$AAp?$AAo?$AAi?$AAn?$AAt?$AA?5?$AAs?$AAu?$AAp?$AAp?$AAo?$AAr?$AAt?$AA?5@ 0000000180017900     LIBCMT:crt0msg.obj
 0002:00001960       ??_C@_1FE@LLNEDJMD@?$AAR?$AA6?$AA0?$AA0?$AA8?$AA?$AN?$AA?6?$AA?9?$AA?5?$AAn?$AAo?$AAt?$AA?5?$AAe?$AAn?$AAo?$AAu?$AAg?$AAh?$AA?5?$AAs?$AAp?$AAa?$AAc?$AAe?$AA?5?$AAf?$AAo?$AAr?$AA?5?$AAa?$AAr@ 0000000180017960     LIBCMT:crt0msg.obj
 0002:000019c0       ??_C@_1FI@HONFMGBI@?$AAR?$AA6?$AA0?$AA0?$AA9?$AA?$AN?$AA?6?$AA?9?$AA?5?$AAn?$AAo?$AAt?$AA?5?$AAe?$AAn?$AAo?$AAu?$AAg?$AAh?$AA?5?$AAs?$AAp?$AAa?$AAc?$AAe?$AA?5?$AAf?$AAo?$AAr?$AA?5?$AAe?$AAn@ 00000001800179c0     LIBCMT:crt0msg.obj
 0002:00001a20       ??_C@_1EG@BEHAGFJD@?$AAR?$AA6?$AA0?$AA1?$AA0?$AA?$AN?$AA?6?$AA?9?$AA?5?$AAa?$AAb?$AAo?$AAr?$AAt?$AA?$CI?$AA?$CJ?$AA?5?$AAh?$AAa?$AAs?$AA?5?$AAb?$AAe?$AAe?$AAn?$AA?5?$AAc?$AAa?$AAl?$AAl?$AAe?$AAd@ 0000000180017a20     LIBCMT:crt0msg.obj
 0002:00001a70       ??_C@_1FI@LOGNIKDM@?$AAR?$AA6?$AA0?$AA1?$AA6?$AA?$AN?$AA?6?$AA?9?$AA?5?$AAn?$AAo?$AAt?$AA?5?$AAe?$AAn?$AAo?$AAu?$AAg?$AAh?$AA?5?$AAs?$AAp?$AAa?$AAc?$AAe?$AA?5?$AAf?$AAo?$AAr?$AA?5?$AAt?$AAh@ 0000000180017a70     LIBCMT:crt0msg.obj
 0002:00001ad0       ??_C@_1FK@BEOGODMC@?$AAR?$AA6?$AA0?$AA1?$AA7?$AA?$AN?$AA?6?$AA?9?$AA?5?$AAu?$AAn?$AAe?$AAx?$AAp?$AAe?$AAc?$AAt?$AAe?$AAd?$AA?5?$AAm?$AAu?$AAl?$AAt?$AAi?$AAt?$AAh?$AAr?$AAe?$AAa?$AAd?$AA?5@ 0000000180017ad0     LIBCMT:crt0msg.obj
 0002:00001b30       ??_C@_1EC@JIBHAOPH@?$AAR?$AA6?$AA0?$AA1?$AA8?$AA?$AN?$AA?6?$AA?9?$AA?5?$AAu?$AAn?$AAe?$AAx?$AAp?$AAe?$AAc?$AAt?$AAe?$AAd?$AA?5?$AAh?$AAe?$AAa?$AAp?$AA?5?$AAe?$AAr?$AAr?$AAo?$AAr?$AA?$AN?$AA?6@ 0000000180017b30     LIBCMT:crt0msg.obj
 0002:00001b80       ??_C@_1FC@ECHBIFBC@?$AAR?$AA6?$AA0?$AA1?$AA9?$AA?$AN?$AA?6?$AA?9?$AA?5?$AAu?$AAn?$AAa?$AAb?$AAl?$AAe?$AA?5?$AAt?$AAo?$AA?5?$AAo?$AAp?$AAe?$AAn?$AA?5?$AAc?$AAo?$AAn?$AAs?$AAo?$AAl?$AAe?$AA?5@ 0000000180017b80     LIBCMT:crt0msg.obj
 0002:00001be0       ??_C@_1GK@FHCKBEFA@?$AAR?$AA6?$AA0?$AA2?$AA4?$AA?$AN?$AA?6?$AA?9?$AA?5?$AAn?$AAo?$AAt?$AA?5?$AAe?$AAn?$AAo?$AAu?$AAg?$AAh?$AA?5?$AAs?$AAp?$AAa?$AAc?$AAe?$AA?5?$AAf?$AAo?$AAr?$AA?5?$AA_?$AAo@ 0000000180017be0     LIBCMT:crt0msg.obj
 0002:00001c50       ??_C@_1EM@MAADIHMB@?$AAR?$AA6?$AA0?$AA2?$AA5?$AA?$AN?$AA?6?$AA?9?$AA?5?$AAp?$AAu?$AAr?$AAe?$AA?5?$AAv?$AAi?$AAr?$AAt?$AAu?$AAa?$AAl?$AA?5?$AAf?$AAu?$AAn?$AAc?$AAt?$AAi?$AAo?$AAn?$AA?5?$AAc@ 0000000180017c50     LIBCMT:crt0msg.obj
 0002:00001ca0       ??_C@_1GK@MCAAGJMO@?$AAR?$AA6?$AA0?$AA2?$AA6?$AA?$AN?$AA?6?$AA?9?$AA?5?$AAn?$AAo?$AAt?$AA?5?$AAe?$AAn?$AAo?$AAu?$AAg?$AAh?$AA?5?$AAs?$AAp?$AAa?$AAc?$AAe?$AA?5?$AAf?$AAo?$AAr?$AA?5?$AAs?$AAt@ 0000000180017ca0     LIBCMT:crt0msg.obj
 0002:00001d10       ??_C@_1GK@MFGOKLAG@?$AAR?$AA6?$AA0?$AA2?$AA7?$AA?$AN?$AA?6?$AA?9?$AA?5?$AAn?$AAo?$AAt?$AA?5?$AAe?$AAn?$AAo?$AAu?$AAg?$AAh?$AA?5?$AAs?$AAp?$AAa?$AAc?$AAe?$AA?5?$AAf?$AAo?$AAr?$AA?5?$AAl?$AAo@ 0000000180017d10     LIBCMT:crt0msg.obj
 0002:00001d80       ??_C@_1EK@HHFLMAOL@?$AAR?$AA6?$AA0?$AA2?$AA8?$AA?$AN?$AA?6?$AA?9?$AA?5?$AAu?$AAn?$AAa?$AAb?$AAl?$AAe?$AA?5?$AAt?$AAo?$AA?5?$AAi?$AAn?$AAi?$AAt?$AAi?$AAa?$AAl?$AAi?$AAz?$AAe?$AA?5?$AAh?$AAe@ 0000000180017d80     LIBCMT:crt0msg.obj
 0002:00001dd0       ??_C@_1DO@BMFCDCD@?$AAR?$AA6?$AA0?$AA3?$AA0?$AA?$AN?$AA?6?$AA?9?$AA?5?$AAC?$AAR?$AAT?$AA?5?$AAn?$AAo?$AAt?$AA?5?$AAi?$AAn?$AAi?$AAt?$AAi?$AAa?$AAl?$AAi?$AAz?$AAe?$AAd?$AA?$AN?$AA?6?$AA?$AA@ 0000000180017dd0     LIBCMT:crt0msg.obj
 0002:00001e10       ??_C@_1MG@ENCOOIDF@?$AAR?$AA6?$AA0?$AA3?$AA1?$AA?$AN?$AA?6?$AA?9?$AA?5?$AAA?$AAt?$AAt?$AAe?$AAm?$AAp?$AAt?$AA?5?$AAt?$AAo?$AA?5?$AAi?$AAn?$AAi?$AAt?$AAi?$AAa?$AAl?$AAi?$AAz?$AAe?$AA?5?$AAt@ 0000000180017e10     LIBCMT:crt0msg.obj
 0002:00001ee0       ??_C@_1GG@GOPILAJP@?$AAR?$AA6?$AA0?$AA3?$AA2?$AA?$AN?$AA?6?$AA?9?$AA?5?$AAn?$AAo?$AAt?$AA?5?$AAe?$AAn?$AAo?$AAu?$AAg?$AAh?$AA?5?$AAs?$AAp?$AAa?$AAc?$AAe?$AA?5?$AAf?$AAo?$AAr?$AA?5?$AAl?$AAo@ 0000000180017ee0     LIBCMT:crt0msg.obj
 0002:00001f50       ??_C@_1BOO@KGEDBGAJ@?$AAR?$AA6?$AA0?$AA3?$AA3?$AA?$AN?$AA?6?$AA?9?$AA?5?$AAA?$AAt?$AAt?$AAe?$AAm?$AAp?$AAt?$AA?5?$AAt?$AAo?$AA?5?$AAu?$AAs?$AAe?$AA?5?$AAM?$AAS?$AAI?$AAL?$AA?5?$AAc?$AAo?$AAd@ 0000000180017f50     LIBCMT:crt0msg.obj
 0002:00002140       ??_C@_1GG@MKFPEKFO@?$AAR?$AA6?$AA0?$AA3?$AA4?$AA?$AN?$AA?6?$AA?9?$AA?5?$AAi?$AAn?$AAc?$AAo?$AAn?$AAs?$AAi?$AAs?$AAt?$AAe?$AAn?$AAt?$AA?5?$AAo?$AAn?$AAe?$AAx?$AAi?$AAt?$AA?5?$AAb?$AAe?$AAg@ 0000000180018140     LIBCMT:crt0msg.obj
 0002:000021a8       ??_C@_1BO@BFCDCGC@?$AAD?$AAO?$AAM?$AAA?$AAI?$AAN?$AA?5?$AAe?$AAr?$AAr?$AAo?$AAr?$AA?$AN?$AA?6?$AA?$AA@ 00000001800181a8     LIBCMT:crt0msg.obj
 0002:000021c8       ??_C@_1BK@KMOMNAAI@?$AAS?$AAI?$AAN?$AAG?$AA?5?$AAe?$AAr?$AAr?$AAo?$AAr?$AA?$AN?$AA?6?$AA?$AA@ 00000001800181c8     LIBCMT:crt0msg.obj
 0002:000021e8       ??_C@_1BM@JBBEPPHI@?$AAT?$AAL?$AAO?$AAS?$AAS?$AA?5?$AAe?$AAr?$AAr?$AAo?$AAr?$AA?$AN?$AA?6?$AA?$AA@ 00000001800181e8     LIBCMT:crt0msg.obj
 0002:00002204       ??_C@_15JNBOKNOG@?$AA?$AN?$AA?6?$AA?$AA@ 0000000180018204     LIBCMT:crt0msg.obj
 0002:00002210       ??_C@_1BO@BKOMIGKJ@?$AAr?$AAu?$AAn?$AAt?$AAi?$AAm?$AAe?$AA?5?$AAe?$AAr?$AAr?$AAo?$AAr?$AA?5?$AA?$AA@ 0000000180018210     LIBCMT:crt0msg.obj
 0002:00002230       ??_C@_1DE@JNGNBFGO@?$AAR?$AAu?$AAn?$AAt?$AAi?$AAm?$AAe?$AA?5?$AAE?$AAr?$AAr?$AAo?$AAr?$AA?$CB?$AA?6?$AA?6?$AAP?$AAr?$AAo?$AAg?$AAr?$AAa?$AAm?$AA?3?$AA?5?$AA?$AA@ 0000000180018230     LIBCMT:crt0msg.obj
 0002:00002288       ??_C@_1M@HPNHIDJI@?$AAj?$AAa?$AA?9?$AAJ?$AAP?$AA?$AA@ 0000000180018288     LIBCMT:mbctype.obj
 0002:00002298       ??_C@_1M@BIBDDEMK@?$AAz?$AAh?$AA?9?$AAC?$AAN?$AA?$AA@ 0000000180018298     LIBCMT:mbctype.obj
 0002:000022a8       ??_C@_1M@JLOOOEGK@?$AAk?$AAo?$AA?9?$AAK?$AAR?$AA?$AA@ 00000001800182a8     LIBCMT:mbctype.obj
 0002:000022b8       ??_C@_1M@CLNBBOPM@?$AAz?$AAh?$AA?9?$AAT?$AAW?$AA?$AA@ 00000001800182b8     LIBCMT:mbctype.obj
 0002:000022c4       ??_C@_03KOEHGMDN@Sun?$AA@  00000001800182c4     LIBCMT:nlsdata.obj
 0002:000022c8       ??_C@_03PDAGKDH@Mon?$AA@   00000001800182c8     LIBCMT:nlsdata.obj
 0002:000022cc       ??_C@_03NAGEINEP@Tue?$AA@  00000001800182cc     LIBCMT:nlsdata.obj
 0002:000022d0       ??_C@_03MHOMLAJA@Wed?$AA@  00000001800182d0     LIBCMT:nlsdata.obj
 0002:000022d4       ??_C@_03IOFIKPDN@Thu?$AA@  00000001800182d4     LIBCMT:nlsdata.obj
 0002:000022d8       ??_C@_03IDIOELNC@Fri?$AA@  00000001800182d8     LIBCMT:nlsdata.obj
 0002:000022dc       ??_C@_03FEFJNEK@Sat?$AA@   00000001800182dc     LIBCMT:nlsdata.obj
 0002:000022e0       ??_C@_06OOPIFAJ@Sunday?$AA@ 00000001800182e0     LIBCMT:nlsdata.obj
 0002:000022e8       ??_C@_06JLEDEDGH@Monday?$AA@ 00000001800182e8     LIBCMT:nlsdata.obj
 0002:000022f0       ??_C@_07BAAGCFCM@Tuesday?$AA@ 00000001800182f0     LIBCMT:nlsdata.obj
 0002:000022f8       ??_C@_09DLIGFAKA@Wednesday?$AA@ 00000001800182f8     LIBCMT:nlsdata.obj
 0002:00002308       ??_C@_08HACCIKIA@Thursday?$AA@ 0000000180018308     LIBCMT:nlsdata.obj
 0002:00002314       ??_C@_06JECMNKMI@Friday?$AA@ 0000000180018314     LIBCMT:nlsdata.obj
 0002:00002320       ??_C@_08INBOOONO@Saturday?$AA@ 0000000180018320     LIBCMT:nlsdata.obj
 0002:0000232c       ??_C@_03JIHJHPIE@Jan?$AA@  000000018001832c     LIBCMT:nlsdata.obj
 0002:00002330       ??_C@_03HJBDCHOM@Feb?$AA@  0000000180018330     LIBCMT:nlsdata.obj
 0002:00002334       ??_C@_03ODNJBKGA@Mar?$AA@  0000000180018334     LIBCMT:nlsdata.obj
 0002:00002338       ??_C@_03LEOLGMJP@Apr?$AA@  0000000180018338     LIBCMT:nlsdata.obj
 0002:0000233c       ??_C@_03CNMDKL@May?$AA@    000000018001833c     LIBCMT:nlsdata.obj
 0002:00002340       ??_C@_03IDFGHECI@Jun?$AA@  0000000180018340     LIBCMT:nlsdata.obj
 0002:00002344       ??_C@_03LBGABGKK@Jul?$AA@  0000000180018344     LIBCMT:nlsdata.obj
 0002:00002348       ??_C@_03IFJFEIGA@Aug?$AA@  0000000180018348     LIBCMT:nlsdata.obj
 0002:0000234c       ??_C@_03GGCAPAJC@Sep?$AA@  000000018001834c     LIBCMT:nlsdata.obj
 0002:00002350       ??_C@_03BMAOKBAD@Oct?$AA@  0000000180018350     LIBCMT:nlsdata.obj
 0002:00002354       ??_C@_03JPJOFNIA@Nov?$AA@  0000000180018354     LIBCMT:nlsdata.obj
 0002:00002358       ??_C@_03MKABNOCG@Dec?$AA@  0000000180018358     LIBCMT:nlsdata.obj
 0002:00002360       ??_C@_07CGJPFGJA@January?$AA@ 0000000180018360     LIBCMT:nlsdata.obj
 0002:00002368       ??_C@_08GNJGEPFN@February?$AA@ 0000000180018368     LIBCMT:nlsdata.obj
 0002:00002374       ??_C@_05HPCKOFNC@March?$AA@ 0000000180018374     LIBCMT:nlsdata.obj
 0002:0000237c       ??_C@_05DMJDNLEJ@April?$AA@ 000000018001837c     LIBCMT:nlsdata.obj
 0002:00002384       ??_C@_04CNLMGBGM@June?$AA@ 0000000180018384     LIBCMT:nlsdata.obj
 0002:0000238c       ??_C@_04MIEPOIFP@July?$AA@ 000000018001838c     LIBCMT:nlsdata.obj
 0002:00002394       ??_C@_06LBBHFDDG@August?$AA@ 0000000180018394     LIBCMT:nlsdata.obj
 0002:000023a0       ??_C@_09BHHEALKD@September?$AA@ 00000001800183a0     LIBCMT:nlsdata.obj
 0002:000023b0       ??_C@_07JJNFCEND@October?$AA@ 00000001800183b0     LIBCMT:nlsdata.obj
 0002:000023b8       ??_C@_08HCHEGEOA@November?$AA@ 00000001800183b8     LIBCMT:nlsdata.obj
 0002:000023c8       ??_C@_08EDHMEBNP@December?$AA@ 00000001800183c8     LIBCMT:nlsdata.obj
 0002:000023d4       ??_C@_02DEDBPAFC@AM?$AA@   00000001800183d4     LIBCMT:nlsdata.obj
 0002:000023d8       ??_C@_02CJNFDJBF@PM?$AA@   00000001800183d8     LIBCMT:nlsdata.obj
 0002:000023e0       ??_C@_08BPBNCDIB@MM?1dd?1yy?$AA@ 00000001800183e0     LIBCMT:nlsdata.obj
 0002:000023f0       ??_C@_0BE@CKGJFCPC@dddd?0?5MMMM?5dd?0?5yyyy?$AA@ 00000001800183f0     LIBCMT:nlsdata.obj
 0002:00002408       ??_C@_08JCCMCCIL@HH?3mm?3ss?$AA@ 0000000180018408     LIBCMT:nlsdata.obj
 0002:00002418       ??_C@_17MBGCMIPB@?$AAS?$AAu?$AAn?$AA?$AA@ 0000000180018418     LIBCMT:nlsdata.obj
 0002:00002420       ??_C@_17KBOMKBF@?$AAM?$AAo?$AAn?$AA?$AA@ 0000000180018420     LIBCMT:nlsdata.obj
 0002:00002428       ??_C@_17BMKGEGOJ@?$AAT?$AAu?$AAe?$AA?$AA@ 0000000180018428     LIBCMT:nlsdata.obj
 0002:00002430       ??_C@_17CJEDCEPE@?$AAW?$AAe?$AAd?$AA?$AA@ 0000000180018430     LIBCMT:nlsdata.obj
 0002:00002438       ??_C@_17PDPHAADD@?$AAT?$AAh?$AAu?$AA?$AA@ 0000000180018438     LIBCMT:nlsdata.obj
 0002:00002440       ??_C@_17HFOLPPLP@?$AAF?$AAr?$AAi?$AA?$AA@ 0000000180018440     LIBCMT:nlsdata.obj
 0002:00002448       ??_C@_17GGIBDPIH@?$AAS?$AAa?$AAt?$AA?$AA@ 0000000180018448     LIBCMT:nlsdata.obj
 0002:00002450       ??_C@_1O@IHNHDHPB@?$AAS?$AAu?$AAn?$AAd?$AAa?$AAy?$AA?$AA@ 0000000180018450     LIBCMT:nlsdata.obj
 0002:00002460       ??_C@_1O@MMNBFLIA@?$AAM?$AAo?$AAn?$AAd?$AAa?$AAy?$AA?$AA@ 0000000180018460     LIBCMT:nlsdata.obj
 0002:00002470       ??_C@_1BA@ENFBFFEK@?$AAT?$AAu?$AAe?$AAs?$AAd?$AAa?$AAy?$AA?$AA@ 0000000180018470     LIBCMT:nlsdata.obj
 0002:00002480       ??_C@_1BE@EBOGMDOH@?$AAW?$AAe?$AAd?$AAn?$AAe?$AAs?$AAd?$AAa?$AAy?$AA?$AA@ 0000000180018480     LIBCMT:nlsdata.obj
 0002:00002498       ??_C@_1BC@HHMNLIHE@?$AAT?$AAh?$AAu?$AAr?$AAs?$AAd?$AAa?$AAy?$AA?$AA@ 0000000180018498     LIBCMT:nlsdata.obj
 0002:000024b0       ??_C@_1O@PDICJHAG@?$AAF?$AAr?$AAi?$AAd?$AAa?$AAy?$AA?$AA@ 00000001800184b0     LIBCMT:nlsdata.obj
 0002:000024c0       ??_C@_1BC@ENMNNPAJ@?$AAS?$AAa?$AAt?$AAu?$AAr?$AAd?$AAa?$AAy?$AA?$AA@ 00000001800184c0     LIBCMT:nlsdata.obj
 0002:000024d8       ??_C@_17DKNBKCHM@?$AAJ?$AAa?$AAn?$AA?$AA@ 00000001800184d8     LIBCMT:nlsdata.obj
 0002:000024e0       ??_C@_17LMDJEKJN@?$AAF?$AAe?$AAb?$AA?$AA@ 00000001800184e0     LIBCMT:nlsdata.obj
 0002:000024e8       ??_C@_17CKNLEDEC@?$AAM?$AAa?$AAr?$AA?$AA@ 00000001800184e8     LIBCMT:nlsdata.obj
 0002:000024f0       ??_C@_17LFPOIHDD@?$AAA?$AAp?$AAr?$AA?$AA@ 00000001800184f0     LIBCMT:nlsdata.obj
 0002:000024f8       ??_C@_17PNNKMEED@?$AAM?$AAa?$AAy?$AA?$AA@ 00000001800184f8     LIBCMT:nlsdata.obj
 0002:00002500       ??_C@_17KCJGOCPB@?$AAJ?$AAu?$AAn?$AA?$AA@ 0000000180018500     LIBCMT:nlsdata.obj
 0002:00002508       ??_C@_17IJPCKHK@?$AAJ?$AAu?$AAl?$AA?$AA@ 0000000180018508     LIBCMT:nlsdata.obj
 0002:00002510       ??_C@_17ICPELBCN@?$AAA?$AAu?$AAg?$AA?$AA@ 0000000180018510     LIBCMT:nlsdata.obj
 0002:00002518       ??_C@_17HCHCOKMG@?$AAS?$AAe?$AAp?$AA?$AA@ 0000000180018518     LIBCMT:nlsdata.obj
 0002:00002520       ??_C@_17FNLKOI@?$AAO?$AAc?$AAt?$AA?$AA@ 0000000180018520     LIBCMT:nlsdata.obj
 0002:00002528       ??_C@_17BBDMLCIG@?$AAN?$AAo?$AAv?$AA?$AA@ 0000000180018528     LIBCMT:nlsdata.obj
 0002:00002530       ??_C@_17EGKACKIF@?$AAD?$AAe?$AAc?$AA?$AA@ 0000000180018530     LIBCMT:nlsdata.obj
 0002:00002538       ??_C@_1BA@EFMEIEBA@?$AAJ?$AAa?$AAn?$AAu?$AAa?$AAr?$AAy?$AA?$AA@ 0000000180018538     LIBCMT:nlsdata.obj
 0002:00002548       ??_C@_1BC@JGDDFFAM@?$AAF?$AAe?$AAb?$AAr?$AAu?$AAa?$AAr?$AAy?$AA?$AA@ 0000000180018548     LIBCMT:nlsdata.obj
 0002:00002560       ??_C@_1M@IKEENEDF@?$AAM?$AAa?$AAr?$AAc?$AAh?$AA?$AA@ 0000000180018560     LIBCMT:nlsdata.obj
 0002:00002570       ??_C@_1M@GJNLMHFD@?$AAA?$AAp?$AAr?$AAi?$AAl?$AA?$AA@ 0000000180018570     LIBCMT:nlsdata.obj
 0002:00002580       ??_C@_19EPFLPGAP@?$AAJ?$AAu?$AAn?$AAe?$AA?$AA@ 0000000180018580     LIBCMT:nlsdata.obj
 0002:00002590       ??_C@_19BIFMLPCD@?$AAJ?$AAu?$AAl?$AAy?$AA?$AA@ 0000000180018590     LIBCMT:nlsdata.obj
 0002:000025a0       ??_C@_1O@PAHLKOAC@?$AAA?$AAu?$AAg?$AAu?$AAs?$AAt?$AA?$AA@ 00000001800185a0     LIBCMT:nlsdata.obj
 0002:000025b0       ??_C@_1BE@DKAAMBJL@?$AAS?$AAe?$AAp?$AAt?$AAe?$AAm?$AAb?$AAe?$AAr?$AA?$AA@ 00000001800185b0     LIBCMT:nlsdata.obj
 0002:000025c8       ??_C@_1BA@EPANDLNG@?$AAO?$AAc?$AAt?$AAo?$AAb?$AAe?$AAr?$AA?$AA@ 00000001800185c8     LIBCMT:nlsdata.obj
 0002:000025d8       ??_C@_1BC@BGLIFPF@?$AAN?$AAo?$AAv?$AAe?$AAm?$AAb?$AAe?$AAr?$AA?$AA@ 00000001800185d8     LIBCMT:nlsdata.obj
 0002:000025f0       ??_C@_1BC@FEMKIFH@?$AAD?$AAe?$AAc?$AAe?$AAm?$AAb?$AAe?$AAr?$AA?$AA@ 00000001800185f0     LIBCMT:nlsdata.obj
 0002:00002604       ??_C@_15ODEHAHHF@?$AAA?$AAM?$AA?$AA@ 0000000180018604     LIBCMT:nlsdata.obj
 0002:0000260c       ??_C@_15CLMNNGEL@?$AAP?$AAM?$AA?$AA@ 000000018001860c     LIBCMT:nlsdata.obj
 0002:00002618       ??_C@_1BC@IEBCMHCM@?$AAM?$AAM?$AA?1?$AAd?$AAd?$AA?1?$AAy?$AAy?$AA?$AA@ 0000000180018618     LIBCMT:nlsdata.obj
 0002:00002630       ??_C@_1CI@KNAKOEBC@?$AAd?$AAd?$AAd?$AAd?$AA?0?$AA?5?$AAM?$AAM?$AAM?$AAM?$AA?5?$AAd?$AAd?$AA?0?$AA?5?$AAy?$AAy?$AAy?$AAy?$AA?$AA@ 0000000180018630     LIBCMT:nlsdata.obj
 0002:00002658       ??_C@_1BC@GDGBMEMK@?$AAH?$AAH?$AA?3?$AAm?$AAm?$AA?3?$AAs?$AAs?$AA?$AA@ 0000000180018658     LIBCMT:nlsdata.obj
 0002:00002670       ??_C@_1M@BMHNFIME@?$AAe?$AAn?$AA?9?$AAU?$AAS?$AA?$AA@ 0000000180018670     LIBCMT:nlsdata.obj
 0002:00002700       _XcptActTab                0000000180018700     LIBCMT:winxfltr.obj
 0002:000027c0       _XcptActTabCount           00000001800187c0     LIBCMT:winxfltr.obj
 0002:000027c4       _XcptActTabSize            00000001800187c4     LIBCMT:winxfltr.obj
 0002:000027c8       _First_FPE_Indx            00000001800187c8     LIBCMT:winxfltr.obj
 0002:000027cc       _Num_FPE                   00000001800187cc     LIBCMT:winxfltr.obj
 0002:000027d0       ??_C@_1BK@MGMFAEKH@?$AAk?$AAe?$AAr?$AAn?$AAe?$AAl?$AA3?$AA2?$AA?4?$AAd?$AAl?$AAl?$AA?$AA@ 00000001800187d0     LIBCMT:winapisupp.obj
 0002:000027f0       ??_C@_08KNHFBNJ@FlsAlloc?$AA@ 00000001800187f0     LIBCMT:winapisupp.obj
 0002:00002800       ??_C@_07PEJMOBNF@FlsFree?$AA@ 0000000180018800     LIBCMT:winapisupp.obj
 0002:00002808       ??_C@_0M@GDNOONDI@FlsGetValue?$AA@ 0000000180018808     LIBCMT:winapisupp.obj
 0002:00002818       ??_C@_0M@JCPCPOEF@FlsSetValue?$AA@ 0000000180018818     LIBCMT:winapisupp.obj
 0002:00002828       ??_C@_0BM@HCFOFFN@InitializeCriticalSectionEx?$AA@ 0000000180018828     LIBCMT:winapisupp.obj
 0002:00002848       ??_C@_0P@DLHPPCNH@CreateEventExW?$AA@ 0000000180018848     LIBCMT:winapisupp.obj
 0002:00002858       ??_C@_0BD@KIEEOEEH@CreateSemaphoreExW?$AA@ 0000000180018858     LIBCMT:winapisupp.obj
 0002:00002870       ??_C@_0BI@BKLFFAPO@SetThreadStackGuarantee?$AA@ 0000000180018870     LIBCMT:winapisupp.obj
 0002:00002888       ??_C@_0BG@OGFAJCKC@CreateThreadpoolTimer?$AA@ 0000000180018888     LIBCMT:winapisupp.obj
 0002:000028a0       ??_C@_0BD@LPLEMMDI@SetThreadpoolTimer?$AA@ 00000001800188a0     LIBCMT:winapisupp.obj
 0002:000028b8       ??_C@_0CA@FMNJENH@WaitForThreadpoolTimerCallbacks?$AA@ 00000001800188b8     LIBCMT:winapisupp.obj
 0002:000028d8       ??_C@_0BF@DCFCCNOC@CloseThreadpoolTimer?$AA@ 00000001800188d8     LIBCMT:winapisupp.obj
 0002:000028f0       ??_C@_0BF@FLABGKKM@CreateThreadpoolWait?$AA@ 00000001800188f0     LIBCMT:winapisupp.obj
 0002:00002908       ??_C@_0BC@MGCOHNA@SetThreadpoolWait?$AA@ 0000000180018908     LIBCMT:winapisupp.obj
 0002:00002920       ??_C@_0BE@OCIOMIMP@CloseThreadpoolWait?$AA@ 0000000180018920     LIBCMT:winapisupp.obj
 0002:00002938       ??_C@_0BJ@LKGHFHBO@FlushProcessWriteBuffers?$AA@ 0000000180018938     LIBCMT:winapisupp.obj
 0002:00002958       ??_C@_0BP@KALKKPMO@FreeLibraryWhenCallbackReturns?$AA@ 0000000180018958     LIBCMT:winapisupp.obj
 0002:00002978       ??_C@_0BK@DFNBACLA@GetCurrentProcessorNumber?$AA@ 0000000180018978     LIBCMT:winapisupp.obj
 0002:00002998       ??_C@_0BP@KHGALBC@GetLogicalProcessorInformation?$AA@ 0000000180018998     LIBCMT:winapisupp.obj
 0002:000029b8       ??_C@_0BE@FKKLLFLM@CreateSymbolicLinkW?$AA@ 00000001800189b8     LIBCMT:winapisupp.obj
 0002:000029d0       ??_C@_0BJ@OHNKDLIJ@SetDefaultDllDirectories?$AA@ 00000001800189d0     LIBCMT:winapisupp.obj
 0002:000029f0       ??_C@_0BE@LJANKFHF@EnumSystemLocalesEx?$AA@ 00000001800189f0     LIBCMT:winapisupp.obj
 0002:00002a08       ??_C@_0BA@IHGNDAEB@CompareStringEx?$AA@ 0000000180018a08     LIBCMT:winapisupp.obj
 0002:00002a18       ??_C@_0BA@EPCJIIPD@GetDateFormatEx?$AA@ 0000000180018a18     LIBCMT:winapisupp.obj
 0002:00002a28       ??_C@_0BA@ONOKGCMP@GetLocaleInfoEx?$AA@ 0000000180018a28     LIBCMT:winapisupp.obj
 0002:00002a38       ??_C@_0BA@CIJJKCJJ@GetTimeFormatEx?$AA@ 0000000180018a38     LIBCMT:winapisupp.obj
 0002:00002a48       ??_C@_0BJ@PBCCBIPI@GetUserDefaultLocaleName?$AA@ 0000000180018a48     LIBCMT:winapisupp.obj
 0002:00002a68       ??_C@_0BC@CELBKLLA@IsValidLocaleName?$AA@ 0000000180018a68     LIBCMT:winapisupp.obj
 0002:00002a80       ??_C@_0O@KKBNKAPF@LCMapStringEx?$AA@ 0000000180018a80     LIBCMT:winapisupp.obj
 0002:00002a90       ??_C@_0BE@JOGNEJCI@GetCurrentPackageId?$AA@ 0000000180018a90     LIBCMT:winapisupp.obj
 0002:00002aa8       ??_C@_0P@CDHHOHKP@GetTickCount64?$AA@ 0000000180018aa8     LIBCMT:winapisupp.obj
 0002:00002ab8       ??_C@_0BO@KPCLFDJJ@GetFileInformationByHandleExW?$AA@ 0000000180018ab8     LIBCMT:winapisupp.obj
 0002:00002ad8       ??_C@_0BM@MHIDLABK@SetFileInformationByHandleW?$AA@ 0000000180018ad8     LIBCMT:winapisupp.obj
 0002:00002af8       _pDestructExceptionObject  0000000180018af8     LIBCMT:frame.obj
 0002:00002b00       ??_C@_05KLBDPFGC@e?$CL000?$AA@ 0000000180018b00     LIBCMT:cvt.obj
 0002:00002b08       __real@0000000000000000    0000000180018b08     LIBCMT:cvt.obj
 0002:00002b10       LcidToLocaleNameTable      0000000180018b10     LIBCMT:winapinls.obj
 0002:00003950       LocaleNameToIndexTable     0000000180019950     LIBCMT:winapinls.obj
 0002:00004790       ??_C@_15EMKDOKLE@?$AAa?$AAr?$AA?$AA@ 000000018001a790     LIBCMT:winapinls.obj
 0002:00004798       ??_C@_15KNPADPLH@?$AAb?$AAg?$AA?$AA@ 000000018001a798     LIBCMT:winapinls.obj
 0002:000047a0       ??_C@_15EDMHLDMO@?$AAc?$AAa?$AA?$AA@ 000000018001a7a0     LIBCMT:winapinls.obj
 0002:000047a8       ??_C@_1O@BPEAJADD@?$AAz?$AAh?$AA?9?$AAC?$AAH?$AAS?$AA?$AA@ 000000018001a7a8     LIBCMT:winapinls.obj
 0002:000047b8       ??_C@_15LJNHCMNK@?$AAc?$AAs?$AA?$AA@ 000000018001a7b8     LIBCMT:winapinls.obj
 0002:000047c0       ??_C@_15FOMCIDHG@?$AAd?$AAa?$AA?$AA@ 000000018001a7c0     LIBCMT:winapinls.obj
 0002:000047c8       ??_C@_15NBKABECB@?$AAd?$AAe?$AA?$AA@ 000000018001a7c8     LIBCMT:winapinls.obj
 0002:000047d0       ??_C@_15GHPEIIAO@?$AAe?$AAl?$AA?$AA@ 000000018001a7d0     LIBCMT:winapinls.obj
 0002:000047d8       ??_C@_15MNPNEAIF@?$AAe?$AAn?$AA?$AA@ 000000018001a7d8     LIBCMT:winapinls.obj
 0002:000047e0       ??_C@_15GPIOMPMH@?$AAe?$AAs?$AA?$AA@ 000000018001a7e0     LIBCMT:winapinls.obj
 0002:000047e8       ??_C@_15NGLOAKJC@?$AAf?$AAi?$AA?$AA@ 000000018001a7e8     LIBCMT:winapinls.obj
 0002:000047f0       ??_C@_15FBKGNKAM@?$AAf?$AAr?$AA?$AA@ 000000018001a7f0     LIBCMT:winapinls.obj
 0002:000047f8       ??_C@_15KGGCNEFK@?$AAh?$AAe?$AA?$AA@ 000000018001a7f8     LIBCMT:winapinls.obj
 0002:00004800       ??_C@_15PGHLIDMF@?$AAh?$AAu?$AA?$AA@ 000000018001a800     LIBCMT:winapinls.obj
 0002:00004808       ??_C@_15BIEMAPLM@?$AAi?$AAs?$AA?$AA@ 000000018001a808     LIBCMT:winapinls.obj
 0002:00004810       ??_C@_15IFJLDHAF@?$AAi?$AAt?$AA?$AA@ 000000018001a810     LIBCMT:winapinls.obj
 0002:00004818       ??_C@_15GEMIOCAG@?$AAj?$AAa?$AA?$AA@ 000000018001a818     LIBCMT:winapinls.obj
 0002:00004820       ??_C@_15EPELEGJA@?$AAk?$AAo?$AA?$AA@ 000000018001a820     LIBCMT:winapinls.obj
 0002:00004828       ??_C@_15NDDHIMN@?$AAn?$AAl?$AA?$AA@ 000000018001a828     LIBCMT:winapinls.obj
 0002:00004830       ??_C@_15BPIGNHCD@?$AAn?$AAo?$AA?$AA@ 000000018001a830     LIBCMT:winapinls.obj
 0002:00004838       ??_C@_15DEOPBLCG@?$AAp?$AAl?$AA?$AA@ 000000018001a838     LIBCMT:winapinls.obj
 0002:00004840       ??_C@_15KBECGEFG@?$AAp?$AAt?$AA?$AA@ 000000018001a840     LIBCMT:winapinls.obj
 0002:00004848       ??_C@_15GLJCBFMD@?$AAr?$AAo?$AA?$AA@ 000000018001a848     LIBCMT:winapinls.obj
 0002:00004850       ??_C@_15FEDGKCDI@?$AAr?$AAu?$AA?$AA@ 000000018001a850     LIBCMT:winapinls.obj
 0002:00004858       ??_C@_15GLKMLLHM@?$AAh?$AAr?$AA?$AA@ 000000018001a858     LIBCMT:winapinls.obj
 0002:00004860       ??_C@_15CPKMFBDB@?$AAs?$AAk?$AA?$AA@ 000000018001a860     LIBCMT:winapinls.obj
 0002:00004868       ??_C@_15BAAIOGMK@?$AAs?$AAq?$AA?$AA@ 000000018001a868     LIBCMT:winapinls.obj
 0002:00004870       ??_C@_15INNPNOHD@?$AAs?$AAv?$AA?$AA@ 000000018001a870     LIBCMT:winapinls.obj
 0002:00004878       ??_C@_15CABMMOGH@?$AAt?$AAh?$AA?$AA@ 000000018001a878     LIBCMT:winapinls.obj
 0002:00004880       ??_C@_15BPLIHJJM@?$AAt?$AAr?$AA?$AA@ 000000018001a880     LIBCMT:winapinls.obj
 0002:00004888       ??_C@_15NEOEKKDJ@?$AAu?$AAr?$AA?$AA@ 000000018001a888     LIBCMT:winapinls.obj
 0002:00004890       ??_C@_15NFICGAJK@?$AAi?$AAd?$AA?$AA@ 000000018001a890     LIBCMT:winapinls.obj
 0002:00004898       ??_C@_15PJPFLCCM@?$AAu?$AAk?$AA?$AA@ 000000018001a898     LIBCMT:winapinls.obj
 0002:000048a0       ??_C@_15HPJPHDM@?$AAb?$AAe?$AA?$AA@ 000000018001a8a0     LIBCMT:winapinls.obj
 0002:000048a8       ??_C@_15LCHLGJII@?$AAs?$AAl?$AA?$AA@ 000000018001a8a8     LIBCMT:winapinls.obj
 0002:000048b0       ??_C@_15PCFJPHHO@?$AAe?$AAt?$AA?$AA@ 000000018001a8b0     LIBCMT:winapinls.obj
 0002:000048b8       ??_C@_15HPFPGODN@?$AAl?$AAv?$AA?$AA@ 000000018001a8b8     LIBCMT:winapinls.obj
 0002:000048c0       ??_C@_15NFFGKGLG@?$AAl?$AAt?$AA?$AA@ 000000018001a8c0     LIBCMT:winapinls.obj
 0002:000048c8       ??_C@_15BDAKCCHN@?$AAf?$AAa?$AA?$AA@ 000000018001a8c8     LIBCMT:winapinls.obj
 0002:000048d0       ??_C@_15NFGIAIAJ@?$AAv?$AAi?$AA?$AA@ 000000018001a8d0     LIBCMT:winapinls.obj
 0002:000048d8       ??_C@_15LMKNDMHN@?$AAh?$AAy?$AA?$AA@ 000000018001a8d8     LIBCMT:winapinls.obj
 0002:000048e0       ??_C@_15IJBHMCFL@?$AAa?$AAz?$AA?$AA@ 000000018001a8e0     LIBCMT:winapinls.obj
 0002:000048e8       ??_C@_15EKOFJABL@?$AAe?$AAu?$AA?$AA@ 000000018001a8e8     LIBCMT:winapinls.obj
 0002:000048f0       ??_C@_15BGHADCNK@?$AAm?$AAk?$AA?$AA@ 000000018001a8f0     LIBCMT:winapinls.obj
 0002:000048f8       ??_C@_15JDNICKHM@?$AAa?$AAf?$AA?$AA@ 000000018001a8f8     LIBCMT:winapinls.obj
 0002:00004900       ??_C@_15KPJEDBKD@?$AAk?$AAa?$AA?$AA@ 000000018001a900     LIBCMT:winapinls.obj
 0002:00004908       ??_C@_15PDNFFFEO@?$AAf?$AAo?$AA?$AA@ 000000018001a908     LIBCMT:winapinls.obj
 0002:00004910       ??_C@_15OMLEGLOC@?$AAh?$AAi?$AA?$AA@ 000000018001a910     LIBCMT:winapinls.obj
 0002:00004918       ??_C@_15IDNNENKK@?$AAm?$AAs?$AA?$AA@ 000000018001a918     LIBCMT:winapinls.obj
 0002:00004920       ??_C@_15MACJNBMH@?$AAk?$AAk?$AA?$AA@ 000000018001a920     LIBCMT:winapinls.obj
 0002:00004928       ??_C@_15DKDJEOND@?$AAk?$AAy?$AA?$AA@ 000000018001a928     LIBCMT:winapinls.obj
 0002:00004930       ??_C@_15DFGDLJBG@?$AAs?$AAw?$AA?$AA@ 000000018001a930     LIBCMT:winapinls.obj
 0002:00004938       ??_C@_15BBFAICNG@?$AAu?$AAz?$AA?$AA@ 000000018001a938     LIBCMT:winapinls.obj
 0002:00004940       ??_C@_15DKNDCGEA@?$AAt?$AAt?$AA?$AA@ 000000018001a940     LIBCMT:winapinls.obj
 0002:00004948       ??_C@_15MGIFMDPL@?$AAp?$AAa?$AA?$AA@ 000000018001a948     LIBCMT:winapinls.obj
 0002:00004950       ??_C@_15HCNDBBA@?$AAg?$AAu?$AA?$AA@ 000000018001a950     LIBCMT:winapinls.obj
 0002:00004958       ??_C@_15FNBEIBON@?$AAt?$AAa?$AA?$AA@ 000000018001a958     LIBCMT:winapinls.obj
 0002:00004960       ??_C@_15NCHGBGLK@?$AAt?$AAe?$AA?$AA@ 000000018001a960     LIBCMT:winapinls.obj
 0002:00004968       ??_C@_15PHPHCBPF@?$AAk?$AAn?$AA?$AA@ 000000018001a968     LIBCMT:winapinls.obj
 0002:00004970       ??_C@_15DLGBCKMP@?$AAm?$AAr?$AA?$AA@ 000000018001a970     LIBCMT:winapinls.obj
 0002:00004978       ??_C@_15EABBLBFF@?$AAs?$AAa?$AA?$AA@ 000000018001a978     LIBCMT:winapinls.obj
 0002:00004980       ??_C@_15CBKOMCOI@?$AAm?$AAn?$AA?$AA@ 000000018001a980     LIBCMT:winapinls.obj
 0002:00004988       ??_C@_15CKDMCJAF@?$AAg?$AAl?$AA?$AA@ 000000018001a988     LIBCMT:winapinls.obj
 0002:00004990       ??_C@_17CNJFBPG@?$AAk?$AAo?$AAk?$AA?$AA@ 000000018001a990     LIBCMT:winapinls.obj
 0002:00004998       ??_C@_17FFBJICPL@?$AAs?$AAy?$AAr?$AA?$AA@ 000000018001a998     LIBCMT:winapinls.obj
 0002:000049a0       ??_C@_17KPNDCPAF@?$AAd?$AAi?$AAv?$AA?$AA@ 000000018001a9a0     LIBCMT:winapinls.obj
 0002:000049a8       ??_C@_11LOCGONAA@?$AA?$AA@ 000000018001a9a8     LIBCMT:winapinls.obj
 0002:000049b0       ??_C@_1M@OKAHONE@?$AAa?$AAr?$AA?9?$AAS?$AAA?$AA?$AA@ 000000018001a9b0     LIBCMT:winapinls.obj
 0002:000049c0       ??_C@_1M@FFFIGIGK@?$AAb?$AAg?$AA?9?$AAB?$AAG?$AA?$AA@ 000000018001a9c0     LIBCMT:winapinls.obj
 0002:000049d0       ??_C@_1M@BJNKEDC@?$AAc?$AAa?$AA?9?$AAE?$AAS?$AA?$AA@ 000000018001a9d0     LIBCMT:winapinls.obj
 0002:000049e0       ??_C@_1M@IJJHFJHA@?$AAc?$AAs?$AA?9?$AAC?$AAZ?$AA?$AA@ 000000018001a9e0     LIBCMT:winapinls.obj
 0002:000049f0       ??_C@_1M@CLPEOBGI@?$AAd?$AAa?$AA?9?$AAD?$AAK?$AA?$AA@ 000000018001a9f0     LIBCMT:winapinls.obj
 0002:00004a00       ??_C@_1M@MCMADGCB@?$AAd?$AAe?$AA?9?$AAD?$AAE?$AA?$AA@ 000000018001aa00     LIBCMT:winapinls.obj
 0002:00004a10       ??_C@_1M@OOCKEMAM@?$AAe?$AAl?$AA?9?$AAG?$AAR?$AA?$AA@ 000000018001aa10     LIBCMT:winapinls.obj
 0002:00004a20       ??_C@_1M@DDNJFGID@?$AAf?$AAi?$AA?9?$AAF?$AAI?$AA?$AA@ 000000018001aa20     LIBCMT:winapinls.obj
 0002:00004a30       ??_C@_1M@GLIPPMAC@?$AAf?$AAr?$AA?9?$AAF?$AAR?$AA?$AA@ 000000018001aa30     LIBCMT:winapinls.obj
 0002:00004a40       ??_C@_1M@GFMCHPE@?$AAh?$AAe?$AA?9?$AAI?$AAL?$AA?$AA@ 000000018001aa40     LIBCMT:winapinls.obj
 0002:00004a50       ??_C@_1M@MHLPGNKM@?$AAh?$AAu?$AA?9?$AAH?$AAU?$AA?$AA@ 000000018001aa50     LIBCMT:winapinls.obj
 0002:00004a60       ??_C@_1M@LPDDNNPN@?$AAi?$AAs?$AA?9?$AAI?$AAS?$AA?$AA@ 000000018001aa60     LIBCMT:winapinls.obj
 0002:00004a70       ??_C@_1M@MADIPODN@?$AAi?$AAt?$AA?9?$AAI?$AAT?$AA?$AA@ 000000018001aa70     LIBCMT:winapinls.obj
 0002:00004a80       ??_C@_1M@IHBJJGG@?$AAn?$AAl?$AA?9?$AAN?$AAL?$AA?$AA@ 000000018001aa80     LIBCMT:winapinls.obj
 0002:00004a90       ??_C@_1M@EANAGDL@?$AAn?$AAb?$AA?9?$AAN?$AAO?$AA?$AA@ 000000018001aa90     LIBCMT:winapinls.obj
 0002:00004aa0       ??_C@_1M@NEIEMEGP@?$AAp?$AAl?$AA?9?$AAP?$AAL?$AA?$AA@ 000000018001aaa0     LIBCMT:winapinls.obj
 0002:00004ab0       ??_C@_1M@BOCFIGEP@?$AAp?$AAt?$AA?9?$AAB?$AAR?$AA?$AA@ 000000018001aab0     LIBCMT:winapinls.obj
 0002:00004ac0       ??_C@_1M@IMPFOPBG@?$AAr?$AAo?$AA?9?$AAR?$AAO?$AA?$AA@ 000000018001aac0     LIBCMT:winapinls.obj
 0002:00004ad0       ??_C@_1M@IDNNEJMM@?$AAr?$AAu?$AA?9?$AAR?$AAU?$AA?$AA@ 000000018001aad0     LIBCMT:winapinls.obj
 0002:00004ae0       ??_C@_1M@LILEEOGM@?$AAh?$AAr?$AA?9?$AAH?$AAR?$AA?$AA@ 000000018001aae0     LIBCMT:winapinls.obj
 0002:00004af0       ??_C@_1M@FKIFEHPB@?$AAs?$AAk?$AA?9?$AAS?$AAK?$AA?$AA@ 000000018001aaf0     LIBCMT:winapinls.obj
 0002:00004b00       ??_C@_1M@LJMAMNPJ@?$AAs?$AAq?$AA?9?$AAA?$AAL?$AA?$AA@ 000000018001ab00     LIBCMT:winapinls.obj
 0002:00004b10       ??_C@_1M@GIAKDKJK@?$AAs?$AAv?$AA?9?$AAS?$AAE?$AA?$AA@ 000000018001ab10     LIBCMT:winapinls.obj
 0002:00004b20       ??_C@_1M@MKJKIKCL@?$AAt?$AAh?$AA?9?$AAT?$AAH?$AA?$AA@ 000000018001ab20     LIBCMT:winapinls.obj
 0002:00004b30       ??_C@_1M@MFLCCMPB@?$AAt?$AAr?$AA?9?$AAT?$AAR?$AA?$AA@ 000000018001ab30     LIBCMT:winapinls.obj
 0002:00004b40       ??_C@_1M@OIJHDKJN@?$AAu?$AAr?$AA?9?$AAP?$AAK?$AA?$AA@ 000000018001ab40     LIBCMT:winapinls.obj
 0002:00004b50       ??_C@_1M@LHIPCIEK@?$AAi?$AAd?$AA?9?$AAI?$AAD?$AA?$AA@ 000000018001ab50     LIBCMT:winapinls.obj
 0002:00004b60       ??_C@_1M@MFMOBGI@?$AAu?$AAk?$AA?9?$AAU?$AAA?$AA?$AA@ 000000018001ab60     LIBCMT:winapinls.obj
 0002:00004b70       ??_C@_1M@OBGLJIPL@?$AAb?$AAe?$AA?9?$AAB?$AAY?$AA?$AA@ 000000018001ab70     LIBCMT:winapinls.obj
 0002:00004b80       ??_C@_1M@BCFAJEAD@?$AAs?$AAl?$AA?9?$AAS?$AAI?$AA?$AA@ 000000018001ab80     LIBCMT:winapinls.obj
 0002:00004b90       ??_C@_1M@FKFFEDDN@?$AAe?$AAt?$AA?9?$AAE?$AAE?$AA?$AA@ 000000018001ab90     LIBCMT:winapinls.obj
 0002:00004ba0       ??_C@_1M@KGKKAACI@?$AAl?$AAv?$AA?9?$AAL?$AAV?$AA?$AA@ 000000018001aba0     LIBCMT:winapinls.obj
 0002:00004bb0       ??_C@_1M@IFGBIJO@?$AAl?$AAt?$AA?9?$AAL?$AAT?$AA?$AA@ 000000018001abb0     LIBCMT:winapinls.obj
 0002:00004bc0       ??_C@_1M@FGEAHEDM@?$AAf?$AAa?$AA?9?$AAI?$AAR?$AA?$AA@ 000000018001abc0     LIBCMT:winapinls.obj
 0002:00004bd0       ??_C@_1M@KBMAIBFN@?$AAv?$AAi?$AA?9?$AAV?$AAN?$AA?$AA@ 000000018001abd0     LIBCMT:winapinls.obj
 0002:00004be0       ??_C@_1M@GPCBKDJK@?$AAh?$AAy?$AA?9?$AAA?$AAM?$AA?$AA@ 000000018001abe0     LIBCMT:winapinls.obj
 0002:00004bf0       ??_C@_1BG@BECMDDJB@?$AAa?$AAz?$AA?9?$AAA?$AAZ?$AA?9?$AAL?$AAa?$AAt?$AAn?$AA?$AA@ 000000018001abf0     LIBCMT:winapinls.obj
 0002:00004c08       ??_C@_1M@MAOFCAEA@?$AAe?$AAu?$AA?9?$AAE?$AAS?$AA?$AA@ 000000018001ac08     LIBCMT:winapinls.obj
 0002:00004c18       ??_C@_1M@IGHABKPI@?$AAm?$AAk?$AA?9?$AAM?$AAK?$AA?$AA@ 000000018001ac18     LIBCMT:winapinls.obj
 0002:00004c28       ??_C@_1M@IAIGNEJG@?$AAt?$AAn?$AA?9?$AAZ?$AAA?$AA?$AA@ 000000018001ac28     LIBCMT:winapinls.obj
[...]
 0004:000000cc       $pdata$fe_mul              000000018002c0cc     * CIL library *:* CIL module *
 0004:000000d8       $pdata$fe_pow22523         000000018002c0d8     * CIL library *:* CIL module *
 0004:000000e4       $pdata$fe_sq               000000018002c0e4     * CIL library *:* CIL module *
 0004:000000f0       $pdata$fe_sq2              000000018002c0f0     * CIL library *:* CIL module *
 0004:000000fc       $pdata$fe_tobytes          000000018002c0fc     * CIL library *:* CIL module *
 0004:00000108       $pdata$ge_add              000000018002c108     * CIL library *:* CIL module *
 0004:00000114       $pdata$slide               000000018002c114     * CIL library *:* CIL module *
 0004:00000120       $pdata$ge_double_scalarmult_vartime 000000018002c120     * CIL library *:* CIL module *
 0004:0000012c       $pdata$0$ge_double_scalarmult_vartime 000000018002c12c     * CIL library *:* CIL module *
 0004:00000138       $pdata$1$ge_double_scalarmult_vartime 000000018002c138     * CIL library *:* CIL module *
 0004:00000144       $pdata$ge_frombytes_negate_vartime 000000018002c144     * CIL library *:* CIL module *
 0004:00000150       $pdata$ge_madd             000000018002c150     * CIL library *:* CIL module *
 0004:0000015c       $pdata$ge_msub             000000018002c15c     * CIL library *:* CIL module *
 0004:00000168       $pdata$ge_p2_dbl           000000018002c168     * CIL library *:* CIL module *
 0004:00000174       $pdata$ge_p3_to_cached     000000018002c174     * CIL library *:* CIL module *
 0004:00000180       $pdata$ge_p3_to_p2         000000018002c180     * CIL library *:* CIL module *
 0004:0000018c       $pdata$select              000000018002c18c     * CIL library *:* CIL module *
 0004:00000198       $pdata$ge_scalarmult_base  000000018002c198     * CIL library *:* CIL module *
 0004:000001a4       $pdata$ge_sub              000000018002c1a4     * CIL library *:* CIL module *
 0004:000001b0       $pdata$sc_reduce           000000018002c1b0     * CIL library *:* CIL module *
 0004:000001bc       $pdata$sc_muladd           000000018002c1bc     * CIL library *:* CIL module *
 0004:000001c8       $pdata$sha512_compress     000000018002c1c8     * CIL library *:* CIL module *
 0004:000001d4       $pdata$sha512_update       000000018002c1d4     * CIL library *:* CIL module *
 0004:000001e0       $pdata$sha512_final        000000018002c1e0     * CIL library *:* CIL module *
 0004:000001ec       $pdata$sha512              000000018002c1ec     * CIL library *:* CIL module *
 0004:000001f8       $pdata$ed25519_sign        000000018002c1f8     * CIL library *:* CIL module *
 0004:00000204       $pdata$ed25519_verify      000000018002c204     * CIL library *:* CIL module *
 0004:00000210       $pdata$3$ed25519_verify    000000018002c210     * CIL library *:* CIL module *
 0004:0000021c       $pdata$4$ed25519_verify    000000018002c21c     * CIL library *:* CIL module *
 0004:00000228       $pdata$5$ed25519_verify    000000018002c228     * CIL library *:* CIL module *
 0004:00000234       $pdata$?load_exe_hook@@YAP6A_JXZIPEAUDelayLoadInfo@@@Z 000000018002c234     * CIL library *:* CIL module *
 0004:00000264       $pdata$__onexitinit        000000018002c264     LIBCMT:onexit.obj
 0004:00000270       $pdata$_onexit             000000018002c270     LIBCMT:onexit.obj
 0004:0000027c       $pdata$atexit              000000018002c27c     LIBCMT:onexit.obj
 0004:00000288       $pdata$??0_LocaleUpdate@@QEAA@PEAUlocaleinfo_struct@@@Z 000000018002c288     LIBCMT:stricmp.obj
 0004:00000294       $pdata$_stricmp            000000018002c294     LIBCMT:stricmp.obj
 0004:000002a0       $pdata$_stricmp_l          000000018002c2a0     LIBCMT:stricmp.obj
 0004:000002ac       $pdata$_CRT_INIT           000000018002c2ac     LIBCMT:dllcrt0.obj
 0004:000002b8       $pdata$_DllMainCRTStartup  000000018002c2b8     LIBCMT:dllcrt0.obj
 0004:000002c4       $pdata$__DllMainCRTStartup 000000018002c2c4     LIBCMT:dllcrt0.obj
 0004:000002dc       $pdata$__raise_securityfailure 000000018002c2dc     LIBCMT:gs_report.obj
 0004:000002e8       $pdata$__report_gsfailure  000000018002c2e8     LIBCMT:gs_report.obj
 0004:000002f4       $pdata$__isa_available_init 000000018002c2f4     LIBCMT:cpu_disp.obj
 0004:00000300       $pdata$_call_reportfault   000000018002c300     LIBCMT:invarg.obj
 0004:0000030c       $pdata$_invalid_parameter  000000018002c30c     LIBCMT:invarg.obj
 0004:00000318       $pdata$_invalid_parameter_noinfo 000000018002c318     LIBCMT:invarg.obj
 0004:00000324       $pdata$_invoke_watson      000000018002c324     LIBCMT:invarg.obj
 0004:00000330       $pdata$wcscat_s            000000018002c330     LIBCMT:wcscat_s.obj
 0004:0000033c       $pdata$wcscpy_s            000000018002c33c     LIBCMT:wcscpy_s.obj
 0004:00000348       $pdata$__crtCorExitProcess 000000018002c348     LIBCMT:crt0dat.obj
 0004:00000354       $pdata$__crtExitProcess    000000018002c354     LIBCMT:crt0dat.obj
 0004:00000360       $pdata$__freeCrtMemory     000000018002c360     LIBCMT:crt0dat.obj
 0004:0000036c       $pdata$_amsg_exit          000000018002c36c     LIBCMT:crt0dat.obj
 0004:00000378       $pdata$_cinit              000000018002c378     LIBCMT:crt0dat.obj
 0004:00000384       $pdata$_init_pointers      000000018002c384     LIBCMT:crt0dat.obj
 0004:00000390       $pdata$_initterm           000000018002c390     LIBCMT:crt0dat.obj
 0004:0000039c       $pdata$_initterm_e         000000018002c39c     LIBCMT:crt0dat.obj
 0004:000003a8       $pdata$doexit              000000018002c3a8     LIBCMT:crt0dat.obj
 0004:000003b4       $pdata$abort               000000018002c3b4     LIBCMT:abort.obj
 0004:000003c0       $pdata$_set_error_mode     000000018002c3c0     LIBCMT:errmode.obj
 0004:000003cc       $pdata$__initstdio         000000018002c3cc     LIBCMT:_file.obj
 0004:000003d8       $pdata$__endstdio          000000018002c3d8     LIBCMT:_file.obj
 0004:000003e4       $pdata$_lock_file          000000018002c3e4     LIBCMT:_file.obj
 0004:000003f0       $pdata$_lock_file2         000000018002c3f0     LIBCMT:_file.obj
 0004:000003fc       $pdata$_fflush_nolock      000000018002c3fc     LIBCMT:fflush.obj
 0004:00000408       $pdata$_flush              000000018002c408     LIBCMT:fflush.obj
 0004:00000414       $pdata$flsall              000000018002c414     LIBCMT:fflush.obj
 0004:00000420       $pdata$raise               000000018002c420     LIBCMT:winsig.obj
 0004:0000042c       $pdata$__crtMessageBoxW    000000018002c42c     LIBCMT:crtmboxw.obj
 0004:00000438       $pdata$__GSHandlerCheck    000000018002c438     LIBCMT:gshandler.obj
 0004:00000444       $pdata$__GSHandlerCheckCommon 000000018002c444     LIBCMT:gshandler.obj
 0004:00000450       $pdata$_FF_MSGBANNER       000000018002c450     LIBCMT:crt0msg.obj
 0004:0000045c       $pdata$_NMSG_WRITE         000000018002c45c     LIBCMT:crt0msg.obj
 0004:00000468       $pdata$_msize              000000018002c468     LIBCMT:msize.obj
 0004:00000474       $pdata$_calloc_crt         000000018002c474     LIBCMT:crtheap.obj
 0004:00000480       $pdata$_malloc_crt         000000018002c480     LIBCMT:crtheap.obj
 0004:0000048c       $pdata$_realloc_crt        000000018002c48c     LIBCMT:crtheap.obj
 0004:00000498       $pdata$__C_specific_handler 000000018002c498     LIBCMT:chandler.obj
 0004:000004a4       $pdata$free                000000018002c4a4     LIBCMT:free.obj
 0004:000004b0       $pdata$malloc              000000018002c4b0     LIBCMT:malloc.obj
 0004:000004bc       $pdata$_callnewh           000000018002c4bc     LIBCMT:handler.obj
 0004:000004c8       $pdata$__freetlocinfo      000000018002c4c8     LIBCMT:localref.obj
 0004:000004d4       $pdata$__updatetlocinfo    000000018002c4d4     LIBCMT:localref.obj
 0004:000004e0       $pdata$_updatetlocinfoEx_nolock 000000018002c4e0     LIBCMT:localref.obj
 0004:000004ec       $pdata$__initmbctable      000000018002c4ec     LIBCMT:mbctype.obj
 0004:000004f8       $pdata$?getSystemCP@@YAHH@Z 000000018002c4f8     LIBCMT:mbctype.obj
 0004:00000504       $pdata$?setSBCS@@YAXPEAUthreadmbcinfostruct@@@Z 000000018002c504     LIBCMT:mbctype.obj
 0004:00000510       $pdata$?setSBUpLow@@YAXPEAUthreadmbcinfostruct@@@Z 000000018002c510     LIBCMT:mbctype.obj
 0004:0000051c       $pdata$__updatetmbcinfo    000000018002c51c     LIBCMT:mbctype.obj
 0004:00000528       $pdata$_setmbcp            000000018002c528     LIBCMT:mbctype.obj
 0004:00000534       $pdata$_setmbcp_nolock     000000018002c534     LIBCMT:mbctype.obj
 0004:00000540       $pdata$_tolower_l          000000018002c540     LIBCMT:tolower.obj
 0004:0000054c       $pdata$_freefls            000000018002c54c     LIBCMT:tidtable.obj
 0004:00000558       $pdata$_freeptd            000000018002c558     LIBCMT:tidtable.obj
 0004:00000564       $pdata$_getptd             000000018002c564     LIBCMT:tidtable.obj
 0004:00000570       $pdata$_getptd_noexit      000000018002c570     LIBCMT:tidtable.obj
 0004:0000057c       $pdata$_initptd            000000018002c57c     LIBCMT:tidtable.obj
 0004:00000588       $pdata$_mtinit             000000018002c588     LIBCMT:tidtable.obj
 0004:00000594       $pdata$_mtterm             000000018002c594     LIBCMT:tidtable.obj
 0004:000005a0       $pdata$__doserrno          000000018002c5a0     LIBCMT:dosmap.obj
 0004:000005ac       $pdata$_dosmaperr          000000018002c5ac     LIBCMT:dosmap.obj
 0004:000005b8       $pdata$_errno              000000018002c5b8     LIBCMT:dosmap.obj
 0004:000005c4       $pdata$_locterm            000000018002c5c4     LIBCMT:wsetloca.obj
 0004:000005d0       $pdata$_XcptFilter         000000018002c5d0     LIBCMT:winxfltr.obj
 0004:000005dc       $pdata$_heap_init          000000018002c5dc     LIBCMT:heapinit.obj
 0004:000005e8       $pdata$_ioinit             000000018002c5e8     LIBCMT:ioinit.obj
 0004:000005f4       $pdata$_ioterm             000000018002c5f4     LIBCMT:ioinit.obj
 0004:00000600       $pdata$_setargv            000000018002c600     LIBCMT:stdargv.obj
 0004:0000060c       $pdata$parse_cmdline       000000018002c60c     LIBCMT:stdargv.obj
 0004:00000618       $pdata$_setenvp            000000018002c618     LIBCMT:stdenvp.obj
 0004:00000624       $pdata$__security_init_cookie 000000018002c624     LIBCMT:gs_support.obj
 0004:00000630       $pdata$__crtGetEnvironmentStringsA 000000018002c630     LIBCMT:a_env.obj
 0004:0000063c       $pdata$__crtCaptureCurrentContext 000000018002c63c     LIBCMT:winapisupp.obj
 0004:00000648       $pdata$__crtCapturePreviousContext 000000018002c648     LIBCMT:winapisupp.obj
 0004:00000654       $pdata$__crtInitializeCriticalSectionEx 000000018002c654     LIBCMT:winapisupp.obj
 0004:00000660       $pdata$__crtIsPackagedApp  000000018002c660     LIBCMT:winapisupp.obj
 0004:0000066c       $pdata$__crtLoadWinApiPointers 000000018002c66c     LIBCMT:winapisupp.obj
 0004:00000678       $pdata$__crtTerminateProcess 000000018002c678     LIBCMT:winapisupp.obj
 0004:00000684       $pdata$__crtUnhandledException 000000018002c684     LIBCMT:winapisupp.obj
 0004:00000690       $pdata$_RTC_Initialize     000000018002c690     LIBCMT:initsect.obj
 0004:0000069c       $pdata$_RTC_Terminate      000000018002c69c     LIBCMT:initsect.obj
 0004:000006a8       $pdata$__DestructExceptionObject 000000018002c6a8     LIBCMT:frame.obj
 0004:000006b4       $pdata$?terminate@@YAXXZ   000000018002c6b4     LIBCMT:hooks.obj
 0004:000006c0       $pdata$_initp_eh_hooks     000000018002c6c0     LIBCMT:hooks.obj
 0004:000006d8       $pdata$_cfltcvt            000000018002c6d8     LIBCMT:cvt.obj
 0004:000006e4       $pdata$_cfltcvt_l          000000018002c6e4     LIBCMT:cvt.obj
 0004:000006f0       $pdata$_cftoa_l            000000018002c6f0     LIBCMT:cvt.obj
 0004:000006fc       $pdata$_cftoe2_l           000000018002c6fc     LIBCMT:cvt.obj
 0004:00000708       $pdata$_cftoe_l            000000018002c708     LIBCMT:cvt.obj
 0004:00000714       $pdata$_cftof2_l           000000018002c714     LIBCMT:cvt.obj
 0004:00000720       $pdata$_cftof_l            000000018002c720     LIBCMT:cvt.obj
 0004:0000072c       $pdata$_cftog_l            000000018002c72c     LIBCMT:cvt.obj
 0004:00000738       $pdata$_cropzeros_l        000000018002c738     LIBCMT:cvt.obj
 0004:00000744       $pdata$_fassign_l          000000018002c744     LIBCMT:cvt.obj
 0004:00000750       $pdata$_forcdecpt_l        000000018002c750     LIBCMT:cvt.obj
 0004:0000075c       $pdata$_initp_misc_cfltcvt_tab 000000018002c75c     LIBCMT:cmiscdat.obj
 0004:00000768       $pdata$strcpy_s            000000018002c768     LIBCMT:strcpy_s.obj
 0004:00000780       $pdata$_lock               000000018002c780     LIBCMT:mlock.obj
 0004:0000078c       $pdata$_mtdeletelocks      000000018002c78c     LIBCMT:mlock.obj
 0004:00000798       $pdata$_mtinitlocknum      000000018002c798     LIBCMT:mlock.obj
 0004:000007a4       $pdata$_mtinitlocks        000000018002c7a4     LIBCMT:mlock.obj
 0004:000007b0       $pdata$_IsNonwritableInCurrentImage 000000018002c7b0     LIBCMT:pesect.obj
 0004:000007bc       $pdata$_fcloseall          000000018002c7bc     LIBCMT:closeall.obj
 0004:000007c8       $pdata$_fileno             000000018002c7c8     LIBCMT:fileno.obj
 0004:000007d4       $pdata$_commit             000000018002c7d4     LIBCMT:commit.obj
 0004:000007e0       $pdata$_write              000000018002c7e0     LIBCMT:write.obj
 0004:000007ec       $pdata$_write_nolock       000000018002c7ec     LIBCMT:write.obj
 0004:000007f8       $pdata$_freebuf            000000018002c7f8     LIBCMT:_freebuf.obj
 0004:00000804       $pdata$wcsncpy_s           000000018002c804     LIBCMT:wcsncpy_s.obj
 0004:00000810       $pdata$realloc             000000018002c810     LIBCMT:realloc.obj
 0004:0000081c       $pdata$_calloc_impl        000000018002c81c     LIBCMT:calloc_impl.obj
 0004:00000858       $pdata$GetTableIndexFromLocaleName 000000018002c858     LIBCMT:winapinls.obj
 0004:00000864       $pdata$__crtDownlevelLocaleNameToLCID 000000018002c864     LIBCMT:winapinls.obj
 0004:00000870       $pdata$__crtLCMapStringEx  000000018002c870     LIBCMT:winapinls.obj
 0004:00000888       $pdata$__free_lconv_mon    000000018002c888     LIBCMT:initmon.obj
 0004:00000894       $pdata$__free_lconv_num    000000018002c894     LIBCMT:initnum.obj
 0004:000008a0       $pdata$__free_lc_time      000000018002c8a0     LIBCMT:inittime.obj
 0004:000008ac       $pdata$?__crtLCMapStringA_stat@@YAHPEAUlocaleinfo_struct@@PEB_WKPEBDHPEADHHH@Z 000000018002c8ac     LIBCMT:a_map.obj
 0004:000008b8       $pdata$__crtLCMapStringA   000000018002c8b8     LIBCMT:a_map.obj
 0004:000008c4       $pdata$?__crtGetStringTypeA_stat@@YAHPEAUlocaleinfo_struct@@KPEBDHPEAGHH@Z 000000018002c8c4     LIBCMT:a_str.obj
 0004:000008d0       $pdata$__crtGetStringTypeA 000000018002c8d0     LIBCMT:a_str.obj
 0004:000008dc       $pdata$_isctype_l          000000018002c8dc     LIBCMT:isctype.obj
 0004:000008e8       $pdata$_isleadbyte_l       000000018002c8e8     LIBCMT:_wctype.obj
 0004:000008f4       $pdata$isleadbyte          000000018002c8f4     LIBCMT:_wctype.obj
 0004:0000090c       $pdata$?x_ismbbtype_l@@YAHPEAUlocaleinfo_struct@@IHH@Z 000000018002c90c     LIBCMT:ismbbyte.obj
 0004:00000924       $pdata$isdigit             000000018002c924     LIBCMT:_ctype.obj
 0004:00000930       $pdata$strrchr             000000018002c930     LIBCMT:strrchr.obj
 0004:0000093c       $pdata$_fptostr            000000018002c93c     LIBCMT:_fptostr.obj
 0004:00000948       $pdata$__crt_atoflt_l      000000018002c948     LIBCMT:atodbl.obj
 0004:00000954       $pdata$_atodbl_l           000000018002c954     LIBCMT:atodbl.obj
 0004:00000960       $pdata$__dtold             000000018002c960     LIBCMT:cfout.obj
 0004:0000096c       $pdata$_fltout2            000000018002c96c     LIBCMT:cfout.obj
 0004:00000978       $pdata$_isatty             000000018002c978     LIBCMT:isatty.obj
 0004:00000984       $pdata$_fclose_nolock      000000018002c984     LIBCMT:fclose.obj
 0004:00000990       $pdata$fclose              000000018002c990     LIBCMT:fclose.obj
 0004:0000099c       $pdata$__lock_fhandle      000000018002c99c     LIBCMT:osfinfo.obj
 0004:000009a8       $pdata$_free_osfhnd        000000018002c9a8     LIBCMT:osfinfo.obj
 0004:000009b4       $pdata$_get_osfhandle      000000018002c9b4     LIBCMT:osfinfo.obj
 0004:000009c0       $pdata$_lseeki64_nolock    000000018002c9c0     LIBCMT:lseeki64.obj
 0004:000009cc       $pdata$_mbtowc_l           000000018002c9cc     LIBCMT:mbtowc.obj
 0004:000009d8       $pdata$_putwch_nolock      000000018002c9d8     LIBCMT:putwch.obj
 0004:000009f0       $pdata$_ld12tod            000000018002c9f0     LIBCMT:intrncvt.obj
 0004:000009fc       $pdata$_ld12tof            000000018002c9fc     LIBCMT:intrncvt.obj
 0004:00000a08       $pdata$__strgtold12_l      000000018002ca08     LIBCMT:strgtold.obj
 0004:00000a14       $pdata$$I10_OUTPUT         000000018002ca14     LIBCMT:x10fout.obj
 0004:00000a20       $pdata$_close              000000018002ca20     LIBCMT:close.obj
 0004:00000a2c       $pdata$_close_nolock       000000018002ca2c     LIBCMT:close.obj
 0004:00000a38       $pdata$__termconout        000000018002ca38     LIBCMT:initcon.obj
 0004:00000a44       $pdata$__initconout        000000018002ca44     LIBCMT:initcon.obj
 0004:00000a50       $pdata$__mtold12           000000018002ca50     LIBCMT:mantold.obj
 0004:00000a5c       $pdata$__delayLoadHelper2  000000018002ca5c     DelayImp:delayhlp.obj
 0004:00000a68       $pdata$_onexit$fin$0       000000018002ca68     LIBCMT:onexit.obj
 0004:00000a74       $pdata$_CRT_INIT$fin$0     000000018002ca74     LIBCMT:dllcrt0.obj
 0004:00000a80       $pdata$__DllMainCRTStartup$filt$0 000000018002ca80     LIBCMT:dllcrt0.obj
 0004:00000a8c       $pdata$doexit$fin$0        000000018002ca8c     LIBCMT:crt0dat.obj
 0004:00000a98       $pdata$flsall$fin$0        000000018002ca98     LIBCMT:fflush.obj
 0004:00000aa4       $pdata$flsall$fin$1        000000018002caa4     LIBCMT:fflush.obj
 0004:00000ab0       $pdata$raise$fin$0         000000018002cab0     LIBCMT:winsig.obj
 0004:00000abc       $pdata$__updatetlocinfo$fin$0 000000018002cabc     LIBCMT:localref.obj
 0004:00000abc       $pdata$_locterm$fin$0      000000018002cabc     LIBCMT:localref.obj
 0004:00000ac8       $pdata$__updatetmbcinfo$fin$0 000000018002cac8     LIBCMT:mbctype.obj
 0004:00000ac8       $pdata$_setmbcp$fin$0      000000018002cac8     LIBCMT:mbctype.obj
 0004:00000ad4       $pdata$_initptd$fin$1      000000018002cad4     LIBCMT:tidtable.obj
 0004:00000ad4       $pdata$_freefls$fin$1      000000018002cad4     LIBCMT:tidtable.obj
 0004:00000ae0       $pdata$_freefls$fin$0      000000018002cae0     LIBCMT:tidtable.obj
 0004:00000ae0       $pdata$_initptd$fin$0      000000018002cae0     LIBCMT:tidtable.obj
 0004:00000aec       $pdata$_ioinit$fin$0       000000018002caec     LIBCMT:ioinit.obj
 0004:00000af8       $pdata$__DestructExceptionObject$filt$0 000000018002caf8     LIBCMT:frame.obj
 0004:00000b04       $pdata$_mtinitlocknum$fin$0 000000018002cb04     LIBCMT:mlock.obj
 0004:00000b10       $pdata$_IsNonwritableInCurrentImage$filt$0 000000018002cb10     LIBCMT:pesect.obj
 0004:00000b1c       $pdata$_fcloseall$fin$0    000000018002cb1c     LIBCMT:closeall.obj
 0004:00000b28       $pdata$_commit$fin$0       000000018002cb28     LIBCMT:commit.obj
 0004:00000b28       $pdata$_close$fin$0        000000018002cb28     LIBCMT:commit.obj
 0004:00000b34       $pdata$_write$fin$0        000000018002cb34     LIBCMT:write.obj
 0004:00000b40       $pdata$fclose$fin$0        000000018002cb40     LIBCMT:fclose.obj
 0004:00000b4c       $pdata$__lock_fhandle$fin$0 000000018002cb4c     LIBCMT:osfinfo.obj
 0005:00000060       $R000000                   000000018002d060     * linker generated manifest res *

 Exports

  ordinal    name

        1    _register_supercop_
